[2026-01-12T23:25:03.097+0000] {local_task_job_runner.py:120} INFO - ::group::Pre task execution logs
[2026-01-12T23:25:03.191+0000] {taskinstance.py:2073} INFO - Dependencies all met for dep_context=non-requeueable deps ti=<TaskInstance: novaretail_etl_pipeline.silver_transform.transform_ordenes manual__2026-01-12T23:24:51.933677+00:00 [queued]>
[2026-01-12T23:25:03.210+0000] {taskinstance.py:2073} INFO - Dependencies all met for dep_context=requeueable deps ti=<TaskInstance: novaretail_etl_pipeline.silver_transform.transform_ordenes manual__2026-01-12T23:24:51.933677+00:00 [queued]>
[2026-01-12T23:25:03.211+0000] {taskinstance.py:2303} INFO - Starting attempt 1 of 3
[2026-01-12T23:25:03.242+0000] {taskinstance.py:2327} INFO - Executing <Task(BashOperator): silver_transform.transform_ordenes> on 2026-01-12 23:24:51.933677+00:00
[2026-01-12T23:25:03.277+0000] {logging_mixin.py:188} WARNING - /home/***/.local/lib/python3.12/site-packages/***/task/task_runner/standard_task_runner.py:61 DeprecationWarning: This process (pid=1461) is multi-threaded, use of fork() may lead to deadlocks in the child.
[2026-01-12T23:25:03.271+0000] {standard_task_runner.py:90} INFO - Running: ['***', 'tasks', 'run', 'novaretail_etl_pipeline', 'silver_transform.transform_ordenes', 'manual__2026-01-12T23:24:51.933677+00:00', '--job-id', '69', '--raw', '--subdir', 'DAGS_FOLDER/novareatil_etl_dag.py', '--cfg-path', '/tmp/tmpbybs367p']
[2026-01-12T23:25:03.280+0000] {standard_task_runner.py:91} INFO - Job 69: Subtask silver_transform.transform_ordenes
[2026-01-12T23:25:03.280+0000] {standard_task_runner.py:63} INFO - Started process 1463 to run task
[2026-01-12T23:25:03.433+0000] {task_command.py:426} INFO - Running <TaskInstance: novaretail_etl_pipeline.silver_transform.transform_ordenes manual__2026-01-12T23:24:51.933677+00:00 [running]> on host 8812783e36e1
[2026-01-12T23:25:03.601+0000] {taskinstance.py:2644} INFO - Exporting env vars: AIRFLOW_CTX_DAG_OWNER='carlos' AIRFLOW_CTX_DAG_ID='novaretail_etl_pipeline' AIRFLOW_CTX_TASK_ID='silver_transform.transform_ordenes' AIRFLOW_CTX_EXECUTION_DATE='2026-01-12T23:24:51.933677+00:00' AIRFLOW_CTX_TRY_NUMBER='1' AIRFLOW_CTX_DAG_RUN_ID='manual__2026-01-12T23:24:51.933677+00:00'
[2026-01-12T23:25:03.603+0000] {taskinstance.py:430} INFO - ::endgroup::
[2026-01-12T23:25:03.633+0000] {subprocess.py:63} INFO - Tmp dir root location: /tmp
[2026-01-12T23:25:03.637+0000] {subprocess.py:75} INFO - Running command: ['/usr/bin/bash', '-c', 'python /opt/***/etl/transform/transform_ordenes.py']
[2026-01-12T23:25:03.662+0000] {subprocess.py:86} INFO - Output:
[2026-01-12T23:25:05.858+0000] {subprocess.py:93} INFO - 📥 Leyendo Bronze desde: /opt/***/data/bronze/ordenes/load_date=2026-01-12/ordenes.parquet
[2026-01-12T23:25:05.860+0000] {subprocess.py:93} INFO - ✅ SILVER ordenes generado en: /opt/***/data/silver/ordenes/ordenes_silver.parquet
[2026-01-12T23:25:06.161+0000] {subprocess.py:97} INFO - Command exited with return code 0
[2026-01-12T23:25:06.165+0000] {taskinstance.py:441} INFO - ::group::Post task execution logs
[2026-01-12T23:25:06.266+0000] {taskinstance.py:1205} INFO - Marking task as SUCCESS. dag_id=novaretail_etl_pipeline, task_id=silver_transform.transform_ordenes, execution_date=20260112T232451, start_date=20260112T232503, end_date=20260112T232506
[2026-01-12T23:25:06.331+0000] {local_task_job_runner.py:240} INFO - Task exited with return code 0
[2026-01-12T23:25:06.375+0000] {taskinstance.py:3482} INFO - 0 downstream tasks scheduled from follow-on schedule check
[2026-01-12T23:25:06.382+0000] {local_task_job_runner.py:222} INFO - ::endgroup::
