[2026-01-12T23:21:38.679+0000] {local_task_job_runner.py:120} INFO - ::group::Pre task execution logs
[2026-01-12T23:21:38.746+0000] {taskinstance.py:2073} INFO - Dependencies all met for dep_context=non-requeueable deps ti=<TaskInstance: novaretail_etl_pipeline.transform_pagos manual__2026-01-12T23:19:21.007354+00:00 [queued]>
[2026-01-12T23:21:38.772+0000] {taskinstance.py:2073} INFO - Dependencies all met for dep_context=requeueable deps ti=<TaskInstance: novaretail_etl_pipeline.transform_pagos manual__2026-01-12T23:19:21.007354+00:00 [queued]>
[2026-01-12T23:21:38.774+0000] {taskinstance.py:2303} INFO - Starting attempt 1 of 3
[2026-01-12T23:21:38.802+0000] {taskinstance.py:2327} INFO - Executing <Task(BashOperator): transform_pagos> on 2026-01-12 23:19:21.007354+00:00
[2026-01-12T23:21:38.817+0000] {standard_task_runner.py:90} INFO - Running: ['***', 'tasks', 'run', 'novaretail_etl_pipeline', 'transform_pagos', 'manual__2026-01-12T23:19:21.007354+00:00', '--job-id', '61', '--raw', '--subdir', 'DAGS_FOLDER/novareatil_etl_dag.py', '--cfg-path', '/tmp/tmpkplqc_ui']
[2026-01-12T23:21:38.821+0000] {standard_task_runner.py:91} INFO - Job 61: Subtask transform_pagos
[2026-01-12T23:21:38.835+0000] {logging_mixin.py:188} WARNING - /home/***/.local/lib/python3.12/site-packages/***/task/task_runner/standard_task_runner.py:61 DeprecationWarning: This process (pid=1218) is multi-threaded, use of fork() may lead to deadlocks in the child.
[2026-01-12T23:21:38.838+0000] {standard_task_runner.py:63} INFO - Started process 1220 to run task
[2026-01-12T23:21:38.962+0000] {task_command.py:426} INFO - Running <TaskInstance: novaretail_etl_pipeline.transform_pagos manual__2026-01-12T23:19:21.007354+00:00 [running]> on host 8812783e36e1
[2026-01-12T23:21:39.095+0000] {taskinstance.py:2644} INFO - Exporting env vars: AIRFLOW_CTX_DAG_OWNER='carlos' AIRFLOW_CTX_DAG_ID='novaretail_etl_pipeline' AIRFLOW_CTX_TASK_ID='transform_pagos' AIRFLOW_CTX_EXECUTION_DATE='2026-01-12T23:19:21.007354+00:00' AIRFLOW_CTX_TRY_NUMBER='1' AIRFLOW_CTX_DAG_RUN_ID='manual__2026-01-12T23:19:21.007354+00:00'
[2026-01-12T23:21:39.096+0000] {taskinstance.py:430} INFO - ::endgroup::
[2026-01-12T23:21:39.138+0000] {subprocess.py:63} INFO - Tmp dir root location: /tmp
[2026-01-12T23:21:39.140+0000] {subprocess.py:75} INFO - Running command: ['/usr/bin/bash', '-c', 'python /opt/***/etl/transform/transform_pagos.py']
[2026-01-12T23:21:39.169+0000] {subprocess.py:86} INFO - Output:
[2026-01-12T23:21:42.052+0000] {subprocess.py:93} INFO - 📥 Leyendo Bronze desde: /opt/***/data/bronze/pagos/load_date=2026-01-12/pagos.parquet
[2026-01-12T23:21:42.054+0000] {subprocess.py:93} INFO - ✅ SILVER pagos generado en: /opt/***/data/silver/pagos/pagos_silver.parquet
[2026-01-12T23:21:42.626+0000] {subprocess.py:97} INFO - Command exited with return code 0
[2026-01-12T23:21:42.643+0000] {taskinstance.py:441} INFO - ::group::Post task execution logs
[2026-01-12T23:21:42.792+0000] {taskinstance.py:1205} INFO - Marking task as SUCCESS. dag_id=novaretail_etl_pipeline, task_id=transform_pagos, execution_date=20260112T231921, start_date=20260112T232138, end_date=20260112T232142
[2026-01-12T23:21:42.934+0000] {local_task_job_runner.py:240} INFO - Task exited with return code 0
[2026-01-12T23:21:43.038+0000] {taskinstance.py:3482} INFO - 1 downstream tasks scheduled from follow-on schedule check
[2026-01-12T23:21:43.076+0000] {local_task_job_runner.py:222} INFO - ::endgroup::
