[2026-01-12T23:25:03.133+0000] {local_task_job_runner.py:120} INFO - ::group::Pre task execution logs
[2026-01-12T23:25:03.212+0000] {taskinstance.py:2073} INFO - Dependencies all met for dep_context=non-requeueable deps ti=<TaskInstance: novaretail_etl_pipeline.silver_transform.transform_pagos manual__2026-01-12T23:24:51.933677+00:00 [queued]>
[2026-01-12T23:25:03.240+0000] {taskinstance.py:2073} INFO - Dependencies all met for dep_context=requeueable deps ti=<TaskInstance: novaretail_etl_pipeline.silver_transform.transform_pagos manual__2026-01-12T23:24:51.933677+00:00 [queued]>
[2026-01-12T23:25:03.242+0000] {taskinstance.py:2303} INFO - Starting attempt 1 of 3
[2026-01-12T23:25:03.292+0000] {taskinstance.py:2327} INFO - Executing <Task(BashOperator): silver_transform.transform_pagos> on 2026-01-12 23:24:51.933677+00:00
[2026-01-12T23:25:03.325+0000] {logging_mixin.py:188} WARNING - /home/***/.local/lib/python3.12/site-packages/***/task/task_runner/standard_task_runner.py:61 DeprecationWarning: This process (pid=1462) is multi-threaded, use of fork() may lead to deadlocks in the child.
[2026-01-12T23:25:03.314+0000] {standard_task_runner.py:90} INFO - Running: ['***', 'tasks', 'run', 'novaretail_etl_pipeline', 'silver_transform.transform_pagos', 'manual__2026-01-12T23:24:51.933677+00:00', '--job-id', '71', '--raw', '--subdir', 'DAGS_FOLDER/novareatil_etl_dag.py', '--cfg-path', '/tmp/tmp5sppuudl']
[2026-01-12T23:25:03.327+0000] {standard_task_runner.py:91} INFO - Job 71: Subtask silver_transform.transform_pagos
[2026-01-12T23:25:03.327+0000] {standard_task_runner.py:63} INFO - Started process 1465 to run task
[2026-01-12T23:25:03.465+0000] {task_command.py:426} INFO - Running <TaskInstance: novaretail_etl_pipeline.silver_transform.transform_pagos manual__2026-01-12T23:24:51.933677+00:00 [running]> on host 8812783e36e1
[2026-01-12T23:25:03.624+0000] {taskinstance.py:2644} INFO - Exporting env vars: AIRFLOW_CTX_DAG_OWNER='carlos' AIRFLOW_CTX_DAG_ID='novaretail_etl_pipeline' AIRFLOW_CTX_TASK_ID='silver_transform.transform_pagos' AIRFLOW_CTX_EXECUTION_DATE='2026-01-12T23:24:51.933677+00:00' AIRFLOW_CTX_TRY_NUMBER='1' AIRFLOW_CTX_DAG_RUN_ID='manual__2026-01-12T23:24:51.933677+00:00'
[2026-01-12T23:25:03.625+0000] {taskinstance.py:430} INFO - ::endgroup::
[2026-01-12T23:25:03.701+0000] {subprocess.py:63} INFO - Tmp dir root location: /tmp
[2026-01-12T23:25:03.703+0000] {subprocess.py:75} INFO - Running command: ['/usr/bin/bash', '-c', 'python /opt/***/etl/transform/transform_pagos.py']
[2026-01-12T23:25:03.729+0000] {subprocess.py:86} INFO - Output:
[2026-01-12T23:25:05.863+0000] {subprocess.py:93} INFO - 📥 Leyendo Bronze desde: /opt/***/data/bronze/pagos/load_date=2026-01-12/pagos.parquet
[2026-01-12T23:25:05.865+0000] {subprocess.py:93} INFO - ✅ SILVER pagos generado en: /opt/***/data/silver/pagos/pagos_silver.parquet
[2026-01-12T23:25:06.173+0000] {subprocess.py:97} INFO - Command exited with return code 0
[2026-01-12T23:25:06.175+0000] {taskinstance.py:441} INFO - ::group::Post task execution logs
[2026-01-12T23:25:06.225+0000] {taskinstance.py:1205} INFO - Marking task as SUCCESS. dag_id=novaretail_etl_pipeline, task_id=silver_transform.transform_pagos, execution_date=20260112T232451, start_date=20260112T232503, end_date=20260112T232506
[2026-01-12T23:25:06.283+0000] {local_task_job_runner.py:240} INFO - Task exited with return code 0
[2026-01-12T23:25:06.327+0000] {taskinstance.py:3482} INFO - 0 downstream tasks scheduled from follow-on schedule check
[2026-01-12T23:25:06.330+0000] {local_task_job_runner.py:222} INFO - ::endgroup::
