[2026-01-12T22:39:37.709+0000] {local_task_job_runner.py:120} INFO - ::group::Pre task execution logs
[2026-01-12T22:39:37.777+0000] {taskinstance.py:2073} INFO - Dependencies all met for dep_context=non-requeueable deps ti=<TaskInstance: novaretail_etl_pipeline.extract_clientes manual__2026-01-12T22:37:31.695841+00:00 [queued]>
[2026-01-12T22:39:37.796+0000] {taskinstance.py:2073} INFO - Dependencies all met for dep_context=requeueable deps ti=<TaskInstance: novaretail_etl_pipeline.extract_clientes manual__2026-01-12T22:37:31.695841+00:00 [queued]>
[2026-01-12T22:39:37.798+0000] {taskinstance.py:2303} INFO - Starting attempt 2 of 3
[2026-01-12T22:39:37.835+0000] {taskinstance.py:2327} INFO - Executing <Task(BashOperator): extract_clientes> on 2026-01-12 22:37:31.695841+00:00
[2026-01-12T22:39:37.854+0000] {standard_task_runner.py:90} INFO - Running: ['***', 'tasks', 'run', 'novaretail_etl_pipeline', 'extract_clientes', 'manual__2026-01-12T22:37:31.695841+00:00', '--job-id', '50', '--raw', '--subdir', 'DAGS_FOLDER/novareatil_etl_dag.py', '--cfg-path', '/tmp/tmp_lacvhan']
[2026-01-12T22:39:37.862+0000] {standard_task_runner.py:91} INFO - Job 50: Subtask extract_clientes
[2026-01-12T22:39:37.868+0000] {logging_mixin.py:188} WARNING - /home/***/.local/lib/python3.12/site-packages/***/task/task_runner/standard_task_runner.py:61 DeprecationWarning: This process (pid=727) is multi-threaded, use of fork() may lead to deadlocks in the child.
[2026-01-12T22:39:37.870+0000] {standard_task_runner.py:63} INFO - Started process 731 to run task
[2026-01-12T22:39:37.958+0000] {task_command.py:426} INFO - Running <TaskInstance: novaretail_etl_pipeline.extract_clientes manual__2026-01-12T22:37:31.695841+00:00 [running]> on host 8812783e36e1
[2026-01-12T22:39:38.112+0000] {taskinstance.py:2644} INFO - Exporting env vars: AIRFLOW_CTX_DAG_OWNER='carlos' AIRFLOW_CTX_DAG_ID='novaretail_etl_pipeline' AIRFLOW_CTX_TASK_ID='extract_clientes' AIRFLOW_CTX_EXECUTION_DATE='2026-01-12T22:37:31.695841+00:00' AIRFLOW_CTX_TRY_NUMBER='2' AIRFLOW_CTX_DAG_RUN_ID='manual__2026-01-12T22:37:31.695841+00:00'
[2026-01-12T22:39:38.113+0000] {taskinstance.py:430} INFO - ::endgroup::
[2026-01-12T22:39:38.153+0000] {subprocess.py:63} INFO - Tmp dir root location: /tmp
[2026-01-12T22:39:38.156+0000] {subprocess.py:75} INFO - Running command: ['/usr/bin/bash', '-c', ['python', 'etl\\extract\\extract_clientes.py']]
[2026-01-12T22:39:38.161+0000] {taskinstance.py:441} INFO - ::group::Post task execution logs
[2026-01-12T22:39:38.169+0000] {taskinstance.py:2890} ERROR - Task failed with exception
Traceback (most recent call last):
  File "/home/airflow/.local/lib/python3.12/site-packages/airflow/models/taskinstance.py", line 465, in _execute_task
    result = _execute_callable(context=context, **execute_callable_kwargs)
             ^^^^^^^^^^^^^^^^^^^^^^^^^^^^^^^^^^^^^^^^^^^^^^^^^^^^^^^^^^^^^
  File "/home/airflow/.local/lib/python3.12/site-packages/airflow/models/taskinstance.py", line 432, in _execute_callable
    return execute_callable(context=context, **execute_callable_kwargs)
           ^^^^^^^^^^^^^^^^^^^^^^^^^^^^^^^^^^^^^^^^^^^^^^^^^^^^^^^^^^^^
  File "/home/airflow/.local/lib/python3.12/site-packages/airflow/models/baseoperator.py", line 400, in wrapper
    return func(self, *args, **kwargs)
           ^^^^^^^^^^^^^^^^^^^^^^^^^^^
  File "/home/airflow/.local/lib/python3.12/site-packages/airflow/operators/bash.py", line 234, in execute
    result = self.subprocess_hook.run_command(
             ^^^^^^^^^^^^^^^^^^^^^^^^^^^^^^^^^
  File "/home/airflow/.local/lib/python3.12/site-packages/airflow/hooks/subprocess.py", line 77, in run_command
    self.sub_process = Popen(
                       ^^^^^^
  File "/usr/local/lib/python3.12/subprocess.py", line 1026, in __init__
    self._execute_child(args, executable, preexec_fn, close_fds,
  File "/usr/local/lib/python3.12/subprocess.py", line 1883, in _execute_child
    self.pid = _fork_exec(
               ^^^^^^^^^^^
TypeError: expected str, bytes or os.PathLike object, not list
[2026-01-12T22:39:38.294+0000] {taskinstance.py:1205} INFO - Marking task as UP_FOR_RETRY. dag_id=novaretail_etl_pipeline, task_id=extract_clientes, execution_date=20260112T223731, start_date=20260112T223937, end_date=20260112T223938
[2026-01-12T22:39:38.374+0000] {standard_task_runner.py:110} ERROR - Failed to execute job 50 for task extract_clientes (expected str, bytes or os.PathLike object, not list; 731)
[2026-01-12T22:39:38.407+0000] {local_task_job_runner.py:240} INFO - Task exited with return code 1
[2026-01-12T22:39:38.461+0000] {taskinstance.py:3482} INFO - 0 downstream tasks scheduled from follow-on schedule check
[2026-01-12T22:39:38.468+0000] {local_task_job_runner.py:222} INFO - ::endgroup::
