[2026-01-12T22:15:33.386+0000] {local_task_job_runner.py:120} INFO - ::group::Pre task execution logs
[2026-01-12T22:15:33.577+0000] {taskinstance.py:2073} INFO - Dependencies all met for dep_context=non-requeueable deps ti=<TaskInstance: novaretail_etl_pipeline.extract_clientes manual__2026-01-12T22:13:24.647825+00:00 [queued]>
[2026-01-12T22:15:33.636+0000] {taskinstance.py:2073} INFO - Dependencies all met for dep_context=requeueable deps ti=<TaskInstance: novaretail_etl_pipeline.extract_clientes manual__2026-01-12T22:13:24.647825+00:00 [queued]>
[2026-01-12T22:15:33.638+0000] {taskinstance.py:2303} INFO - Starting attempt 2 of 3
[2026-01-12T22:15:33.703+0000] {taskinstance.py:2327} INFO - Executing <Task(BashOperator): extract_clientes> on 2026-01-12 22:13:24.647825+00:00
[2026-01-12T22:15:33.731+0000] {standard_task_runner.py:90} INFO - Running: ['***', 'tasks', 'run', 'novaretail_etl_pipeline', 'extract_clientes', 'manual__2026-01-12T22:13:24.647825+00:00', '--job-id', '19', '--raw', '--subdir', 'DAGS_FOLDER/novareatil_etl_dag.py', '--cfg-path', '/tmp/tmpmzqmi26i']
[2026-01-12T22:15:33.762+0000] {logging_mixin.py:188} WARNING - /home/***/.local/lib/python3.12/site-packages/***/task/task_runner/standard_task_runner.py:61 DeprecationWarning: This process (pid=418) is multi-threaded, use of fork() may lead to deadlocks in the child.
[2026-01-12T22:15:33.765+0000] {standard_task_runner.py:91} INFO - Job 19: Subtask extract_clientes
[2026-01-12T22:15:33.766+0000] {standard_task_runner.py:63} INFO - Started process 421 to run task
[2026-01-12T22:15:33.918+0000] {task_command.py:426} INFO - Running <TaskInstance: novaretail_etl_pipeline.extract_clientes manual__2026-01-12T22:13:24.647825+00:00 [running]> on host 8812783e36e1
[2026-01-12T22:15:34.337+0000] {taskinstance.py:2644} INFO - Exporting env vars: AIRFLOW_CTX_DAG_OWNER='carlos' AIRFLOW_CTX_DAG_ID='novaretail_etl_pipeline' AIRFLOW_CTX_TASK_ID='extract_clientes' AIRFLOW_CTX_EXECUTION_DATE='2026-01-12T22:13:24.647825+00:00' AIRFLOW_CTX_TRY_NUMBER='2' AIRFLOW_CTX_DAG_RUN_ID='manual__2026-01-12T22:13:24.647825+00:00'
[2026-01-12T22:15:34.339+0000] {taskinstance.py:430} INFO - ::endgroup::
[2026-01-12T22:15:34.406+0000] {subprocess.py:63} INFO - Tmp dir root location: /tmp
[2026-01-12T22:15:34.411+0000] {subprocess.py:75} INFO - Running command: ['/usr/bin/bash', '-c', ['python', '/opt/***/etl/extract/extract_clientes.py']]
[2026-01-12T22:15:34.415+0000] {taskinstance.py:441} INFO - ::group::Post task execution logs
[2026-01-12T22:15:34.416+0000] {taskinstance.py:2890} ERROR - Task failed with exception
Traceback (most recent call last):
  File "/home/airflow/.local/lib/python3.12/site-packages/airflow/models/taskinstance.py", line 465, in _execute_task
    result = _execute_callable(context=context, **execute_callable_kwargs)
             ^^^^^^^^^^^^^^^^^^^^^^^^^^^^^^^^^^^^^^^^^^^^^^^^^^^^^^^^^^^^^
  File "/home/airflow/.local/lib/python3.12/site-packages/airflow/models/taskinstance.py", line 432, in _execute_callable
    return execute_callable(context=context, **execute_callable_kwargs)
           ^^^^^^^^^^^^^^^^^^^^^^^^^^^^^^^^^^^^^^^^^^^^^^^^^^^^^^^^^^^^
  File "/home/airflow/.local/lib/python3.12/site-packages/airflow/models/baseoperator.py", line 400, in wrapper
    return func(self, *args, **kwargs)
           ^^^^^^^^^^^^^^^^^^^^^^^^^^^
  File "/home/airflow/.local/lib/python3.12/site-packages/airflow/operators/bash.py", line 234, in execute
    result = self.subprocess_hook.run_command(
             ^^^^^^^^^^^^^^^^^^^^^^^^^^^^^^^^^
  File "/home/airflow/.local/lib/python3.12/site-packages/airflow/hooks/subprocess.py", line 77, in run_command
    self.sub_process = Popen(
                       ^^^^^^
  File "/usr/local/lib/python3.12/subprocess.py", line 1026, in __init__
    self._execute_child(args, executable, preexec_fn, close_fds,
  File "/usr/local/lib/python3.12/subprocess.py", line 1883, in _execute_child
    self.pid = _fork_exec(
               ^^^^^^^^^^^
TypeError: expected str, bytes or os.PathLike object, not list
[2026-01-12T22:15:34.451+0000] {taskinstance.py:1205} INFO - Marking task as UP_FOR_RETRY. dag_id=novaretail_etl_pipeline, task_id=extract_clientes, execution_date=20260112T221324, start_date=20260112T221533, end_date=20260112T221534
[2026-01-12T22:15:34.513+0000] {standard_task_runner.py:110} ERROR - Failed to execute job 19 for task extract_clientes (expected str, bytes or os.PathLike object, not list; 421)
[2026-01-12T22:15:34.596+0000] {local_task_job_runner.py:240} INFO - Task exited with return code 1
[2026-01-12T22:15:34.684+0000] {taskinstance.py:3482} INFO - 0 downstream tasks scheduled from follow-on schedule check
[2026-01-12T22:15:34.695+0000] {local_task_job_runner.py:222} INFO - ::endgroup::
