[2026-01-12T23:31:09.240+0000] {local_task_job_runner.py:120} INFO - ::group::Pre task execution logs
[2026-01-12T23:31:09.303+0000] {taskinstance.py:2073} INFO - Dependencies all met for dep_context=non-requeueable deps ti=<TaskInstance: novaretail_etl_pipeline.gold_kpis.gold_kpi_clientes manual__2026-01-12T23:28:27.006071+00:00 [queued]>
[2026-01-12T23:31:09.320+0000] {taskinstance.py:2073} INFO - Dependencies all met for dep_context=requeueable deps ti=<TaskInstance: novaretail_etl_pipeline.gold_kpis.gold_kpi_clientes manual__2026-01-12T23:28:27.006071+00:00 [queued]>
[2026-01-12T23:31:09.322+0000] {taskinstance.py:2303} INFO - Starting attempt 1 of 3
[2026-01-12T23:31:09.348+0000] {taskinstance.py:2327} INFO - Executing <Task(BashOperator): gold_kpis.gold_kpi_clientes> on 2026-01-12 23:28:27.006071+00:00
[2026-01-12T23:31:09.371+0000] {logging_mixin.py:188} WARNING - /home/***/.local/lib/python3.12/site-packages/***/task/task_runner/standard_task_runner.py:61 DeprecationWarning: This process (pid=1812) is multi-threaded, use of fork() may lead to deadlocks in the child.
[2026-01-12T23:31:09.365+0000] {standard_task_runner.py:90} INFO - Running: ['***', 'tasks', 'run', 'novaretail_etl_pipeline', 'gold_kpis.gold_kpi_clientes', 'manual__2026-01-12T23:28:27.006071+00:00', '--job-id', '85', '--raw', '--subdir', 'DAGS_FOLDER/novareatil_etl_dag.py', '--cfg-path', '/tmp/tmpxnz7v618']
[2026-01-12T23:31:09.373+0000] {standard_task_runner.py:63} INFO - Started process 1816 to run task
[2026-01-12T23:31:09.377+0000] {standard_task_runner.py:91} INFO - Job 85: Subtask gold_kpis.gold_kpi_clientes
[2026-01-12T23:31:09.485+0000] {task_command.py:426} INFO - Running <TaskInstance: novaretail_etl_pipeline.gold_kpis.gold_kpi_clientes manual__2026-01-12T23:28:27.006071+00:00 [running]> on host 8812783e36e1
[2026-01-12T23:31:09.702+0000] {taskinstance.py:2644} INFO - Exporting env vars: AIRFLOW_CTX_DAG_OWNER='carlos' AIRFLOW_CTX_DAG_ID='novaretail_etl_pipeline' AIRFLOW_CTX_TASK_ID='gold_kpis.gold_kpi_clientes' AIRFLOW_CTX_EXECUTION_DATE='2026-01-12T23:28:27.006071+00:00' AIRFLOW_CTX_TRY_NUMBER='1' AIRFLOW_CTX_DAG_RUN_ID='manual__2026-01-12T23:28:27.006071+00:00'
[2026-01-12T23:31:09.705+0000] {taskinstance.py:430} INFO - ::endgroup::
[2026-01-12T23:31:09.767+0000] {subprocess.py:63} INFO - Tmp dir root location: /tmp
[2026-01-12T23:31:09.771+0000] {subprocess.py:75} INFO - Running command: ['/usr/bin/bash', '-c', 'python /opt/***/etl/gold/gold_kpi_clientes.py']
[2026-01-12T23:31:09.803+0000] {subprocess.py:86} INFO - Output:
[2026-01-12T23:31:12.777+0000] {subprocess.py:93} INFO - ✅ KPI Clientes generado
[2026-01-12T23:31:12.781+0000] {subprocess.py:93} INFO - Total Clientes: 5000
[2026-01-12T23:31:13.107+0000] {subprocess.py:97} INFO - Command exited with return code 0
[2026-01-12T23:31:13.109+0000] {taskinstance.py:441} INFO - ::group::Post task execution logs
[2026-01-12T23:31:13.364+0000] {taskinstance.py:1205} INFO - Marking task as SUCCESS. dag_id=novaretail_etl_pipeline, task_id=gold_kpis.gold_kpi_clientes, execution_date=20260112T232827, start_date=20260112T233109, end_date=20260112T233113
[2026-01-12T23:31:13.432+0000] {local_task_job_runner.py:240} INFO - Task exited with return code 0
[2026-01-12T23:31:13.463+0000] {taskinstance.py:3482} INFO - 0 downstream tasks scheduled from follow-on schedule check
[2026-01-12T23:31:13.467+0000] {local_task_job_runner.py:222} INFO - ::endgroup::
