[2026-01-12T23:25:03.128+0000] {local_task_job_runner.py:120} INFO - ::group::Pre task execution logs
[2026-01-12T23:25:03.210+0000] {taskinstance.py:2073} INFO - Dependencies all met for dep_context=non-requeueable deps ti=<TaskInstance: novaretail_etl_pipeline.silver_transform.transform_clientes manual__2026-01-12T23:24:51.933677+00:00 [queued]>
[2026-01-12T23:25:03.229+0000] {taskinstance.py:2073} INFO - Dependencies all met for dep_context=requeueable deps ti=<TaskInstance: novaretail_etl_pipeline.silver_transform.transform_clientes manual__2026-01-12T23:24:51.933677+00:00 [queued]>
[2026-01-12T23:25:03.233+0000] {taskinstance.py:2303} INFO - Starting attempt 1 of 3
[2026-01-12T23:25:03.279+0000] {taskinstance.py:2327} INFO - Executing <Task(BashOperator): silver_transform.transform_clientes> on 2026-01-12 23:24:51.933677+00:00
[2026-01-12T23:25:03.299+0000] {standard_task_runner.py:90} INFO - Running: ['***', 'tasks', 'run', 'novaretail_etl_pipeline', 'silver_transform.transform_clientes', 'manual__2026-01-12T23:24:51.933677+00:00', '--job-id', '70', '--raw', '--subdir', 'DAGS_FOLDER/novareatil_etl_dag.py', '--cfg-path', '/tmp/tmp7wul3f6j']
[2026-01-12T23:25:03.305+0000] {standard_task_runner.py:91} INFO - Job 70: Subtask silver_transform.transform_clientes
[2026-01-12T23:25:03.314+0000] {logging_mixin.py:188} WARNING - /home/***/.local/lib/python3.12/site-packages/***/task/task_runner/standard_task_runner.py:61 DeprecationWarning: This process (pid=1460) is multi-threaded, use of fork() may lead to deadlocks in the child.
[2026-01-12T23:25:03.316+0000] {standard_task_runner.py:63} INFO - Started process 1464 to run task
[2026-01-12T23:25:03.452+0000] {task_command.py:426} INFO - Running <TaskInstance: novaretail_etl_pipeline.silver_transform.transform_clientes manual__2026-01-12T23:24:51.933677+00:00 [running]> on host 8812783e36e1
[2026-01-12T23:25:03.611+0000] {taskinstance.py:2644} INFO - Exporting env vars: AIRFLOW_CTX_DAG_OWNER='carlos' AIRFLOW_CTX_DAG_ID='novaretail_etl_pipeline' AIRFLOW_CTX_TASK_ID='silver_transform.transform_clientes' AIRFLOW_CTX_EXECUTION_DATE='2026-01-12T23:24:51.933677+00:00' AIRFLOW_CTX_TRY_NUMBER='1' AIRFLOW_CTX_DAG_RUN_ID='manual__2026-01-12T23:24:51.933677+00:00'
[2026-01-12T23:25:03.613+0000] {taskinstance.py:430} INFO - ::endgroup::
[2026-01-12T23:25:03.641+0000] {subprocess.py:63} INFO - Tmp dir root location: /tmp
[2026-01-12T23:25:03.644+0000] {subprocess.py:75} INFO - Running command: ['/usr/bin/bash', '-c', 'python /opt/***/etl/transform/transform_clientes.py']
[2026-01-12T23:25:03.661+0000] {subprocess.py:86} INFO - Output:
[2026-01-12T23:25:05.876+0000] {subprocess.py:93} INFO - 📥 Leyendo Bronze desde: /opt/***/data/bronze/clientes/load_date=2026-01-12/clientes.parquet
[2026-01-12T23:25:05.877+0000] {subprocess.py:93} INFO - ✅ SILVER clientes generado en: /opt/***/data/silver/clientes/clientes_silver.parquet
[2026-01-12T23:25:05.878+0000] {subprocess.py:93} INFO - Registros transformados: 5000
[2026-01-12T23:25:06.183+0000] {subprocess.py:97} INFO - Command exited with return code 0
[2026-01-12T23:25:06.185+0000] {taskinstance.py:441} INFO - ::group::Post task execution logs
[2026-01-12T23:25:06.229+0000] {taskinstance.py:1205} INFO - Marking task as SUCCESS. dag_id=novaretail_etl_pipeline, task_id=silver_transform.transform_clientes, execution_date=20260112T232451, start_date=20260112T232503, end_date=20260112T232506
[2026-01-12T23:25:06.271+0000] {local_task_job_runner.py:240} INFO - Task exited with return code 0
[2026-01-12T23:25:06.312+0000] {taskinstance.py:3482} INFO - 3 downstream tasks scheduled from follow-on schedule check
[2026-01-12T23:25:06.314+0000] {local_task_job_runner.py:222} INFO - ::endgroup::
