[2026-01-12T23:29:49.843+0000] {local_task_job_runner.py:120} INFO - ::group::Pre task execution logs
[2026-01-12T23:29:49.887+0000] {taskinstance.py:2073} INFO - Dependencies all met for dep_context=non-requeueable deps ti=<TaskInstance: novaretail_etl_pipeline.silver_transform.transform_pagos manual__2026-01-12T23:28:27.006071+00:00 [queued]>
[2026-01-12T23:29:49.898+0000] {taskinstance.py:2073} INFO - Dependencies all met for dep_context=requeueable deps ti=<TaskInstance: novaretail_etl_pipeline.silver_transform.transform_pagos manual__2026-01-12T23:28:27.006071+00:00 [queued]>
[2026-01-12T23:29:49.898+0000] {taskinstance.py:2303} INFO - Starting attempt 2 of 4
[2026-01-12T23:29:49.913+0000] {taskinstance.py:2327} INFO - Executing <Task(BashOperator): silver_transform.transform_pagos> on 2026-01-12 23:28:27.006071+00:00
[2026-01-12T23:29:49.924+0000] {standard_task_runner.py:90} INFO - Running: ['***', 'tasks', 'run', 'novaretail_etl_pipeline', 'silver_transform.transform_pagos', 'manual__2026-01-12T23:28:27.006071+00:00', '--job-id', '81', '--raw', '--subdir', 'DAGS_FOLDER/novareatil_etl_dag.py', '--cfg-path', '/tmp/tmpbkj9z_lh']
[2026-01-12T23:29:49.927+0000] {standard_task_runner.py:91} INFO - Job 81: Subtask silver_transform.transform_pagos
[2026-01-12T23:29:49.938+0000] {logging_mixin.py:188} WARNING - /home/***/.local/lib/python3.12/site-packages/***/task/task_runner/standard_task_runner.py:61 DeprecationWarning: This process (pid=1765) is multi-threaded, use of fork() may lead to deadlocks in the child.
[2026-01-12T23:29:49.939+0000] {standard_task_runner.py:63} INFO - Started process 1766 to run task
[2026-01-12T23:29:49.991+0000] {task_command.py:426} INFO - Running <TaskInstance: novaretail_etl_pipeline.silver_transform.transform_pagos manual__2026-01-12T23:28:27.006071+00:00 [running]> on host 8812783e36e1
[2026-01-12T23:29:50.116+0000] {taskinstance.py:2644} INFO - Exporting env vars: AIRFLOW_CTX_DAG_OWNER='carlos' AIRFLOW_CTX_DAG_ID='novaretail_etl_pipeline' AIRFLOW_CTX_TASK_ID='silver_transform.transform_pagos' AIRFLOW_CTX_EXECUTION_DATE='2026-01-12T23:28:27.006071+00:00' AIRFLOW_CTX_TRY_NUMBER='2' AIRFLOW_CTX_DAG_RUN_ID='manual__2026-01-12T23:28:27.006071+00:00'
[2026-01-12T23:29:50.117+0000] {taskinstance.py:430} INFO - ::endgroup::
[2026-01-12T23:29:50.135+0000] {subprocess.py:63} INFO - Tmp dir root location: /tmp
[2026-01-12T23:29:50.138+0000] {subprocess.py:75} INFO - Running command: ['/usr/bin/bash', '-c', 'python /opt/***/etl/transform/transform_pagos.py']
[2026-01-12T23:29:50.150+0000] {subprocess.py:86} INFO - Output:
[2026-01-12T23:29:51.152+0000] {subprocess.py:93} INFO - Traceback (most recent call last):
[2026-01-12T23:29:51.153+0000] {subprocess.py:93} INFO -   File "/opt/***/etl/transform/transform_pagos.py", line 18, in <module>
[2026-01-12T23:29:51.155+0000] {subprocess.py:93} INFO -     raise ValueError("❌ No hay datos en Bronze pagos")
[2026-01-12T23:29:51.156+0000] {subprocess.py:93} INFO - ValueError: ❌ No hay datos en Bronze pagos
[2026-01-12T23:29:51.271+0000] {subprocess.py:97} INFO - Command exited with return code 1
[2026-01-12T23:29:51.272+0000] {taskinstance.py:441} INFO - ::group::Post task execution logs
[2026-01-12T23:29:51.293+0000] {taskinstance.py:2890} ERROR - Task failed with exception
Traceback (most recent call last):
  File "/home/airflow/.local/lib/python3.12/site-packages/airflow/models/taskinstance.py", line 465, in _execute_task
    result = _execute_callable(context=context, **execute_callable_kwargs)
             ^^^^^^^^^^^^^^^^^^^^^^^^^^^^^^^^^^^^^^^^^^^^^^^^^^^^^^^^^^^^^
  File "/home/airflow/.local/lib/python3.12/site-packages/airflow/models/taskinstance.py", line 432, in _execute_callable
    return execute_callable(context=context, **execute_callable_kwargs)
           ^^^^^^^^^^^^^^^^^^^^^^^^^^^^^^^^^^^^^^^^^^^^^^^^^^^^^^^^^^^^
  File "/home/airflow/.local/lib/python3.12/site-packages/airflow/models/baseoperator.py", line 400, in wrapper
    return func(self, *args, **kwargs)
           ^^^^^^^^^^^^^^^^^^^^^^^^^^^
  File "/home/airflow/.local/lib/python3.12/site-packages/airflow/operators/bash.py", line 243, in execute
    raise AirflowException(
airflow.exceptions.AirflowException: Bash command failed. The command returned a non-zero exit code 1.
[2026-01-12T23:29:51.309+0000] {taskinstance.py:1205} INFO - Marking task as UP_FOR_RETRY. dag_id=novaretail_etl_pipeline, task_id=silver_transform.transform_pagos, execution_date=20260112T232827, start_date=20260112T232949, end_date=20260112T232951
[2026-01-12T23:29:51.334+0000] {standard_task_runner.py:110} ERROR - Failed to execute job 81 for task silver_transform.transform_pagos (Bash command failed. The command returned a non-zero exit code 1.; 1766)
[2026-01-12T23:29:51.397+0000] {local_task_job_runner.py:240} INFO - Task exited with return code 1
[2026-01-12T23:29:51.430+0000] {taskinstance.py:3482} INFO - 0 downstream tasks scheduled from follow-on schedule check
[2026-01-12T23:29:51.432+0000] {local_task_job_runner.py:222} INFO - ::endgroup::
