[2026-01-12T23:28:43.727+0000] {local_task_job_runner.py:120} INFO - ::group::Pre task execution logs
[2026-01-12T23:28:43.798+0000] {taskinstance.py:2073} INFO - Dependencies all met for dep_context=non-requeueable deps ti=<TaskInstance: novaretail_etl_pipeline.silver_transform.transform_pagos manual__2026-01-12T23:28:27.006071+00:00 [queued]>
[2026-01-12T23:28:43.816+0000] {taskinstance.py:2073} INFO - Dependencies all met for dep_context=requeueable deps ti=<TaskInstance: novaretail_etl_pipeline.silver_transform.transform_pagos manual__2026-01-12T23:28:27.006071+00:00 [queued]>
[2026-01-12T23:28:43.816+0000] {taskinstance.py:2303} INFO - Starting attempt 1 of 3
[2026-01-12T23:28:43.848+0000] {taskinstance.py:2327} INFO - Executing <Task(BashOperator): silver_transform.transform_pagos> on 2026-01-12 23:28:27.006071+00:00
[2026-01-12T23:28:43.867+0000] {standard_task_runner.py:90} INFO - Running: ['***', 'tasks', 'run', 'novaretail_etl_pipeline', 'silver_transform.transform_pagos', 'manual__2026-01-12T23:28:27.006071+00:00', '--job-id', '78', '--raw', '--subdir', 'DAGS_FOLDER/novareatil_etl_dag.py', '--cfg-path', '/tmp/tmp47wqg9tp']
[2026-01-12T23:28:43.872+0000] {standard_task_runner.py:91} INFO - Job 78: Subtask silver_transform.transform_pagos
[2026-01-12T23:28:43.886+0000] {logging_mixin.py:188} WARNING - /home/***/.local/lib/python3.12/site-packages/***/task/task_runner/standard_task_runner.py:61 DeprecationWarning: This process (pid=1698) is multi-threaded, use of fork() may lead to deadlocks in the child.
[2026-01-12T23:28:43.887+0000] {standard_task_runner.py:63} INFO - Started process 1701 to run task
[2026-01-12T23:28:43.999+0000] {task_command.py:426} INFO - Running <TaskInstance: novaretail_etl_pipeline.silver_transform.transform_pagos manual__2026-01-12T23:28:27.006071+00:00 [running]> on host 8812783e36e1
[2026-01-12T23:28:44.249+0000] {taskinstance.py:2644} INFO - Exporting env vars: AIRFLOW_CTX_DAG_OWNER='carlos' AIRFLOW_CTX_DAG_ID='novaretail_etl_pipeline' AIRFLOW_CTX_TASK_ID='silver_transform.transform_pagos' AIRFLOW_CTX_EXECUTION_DATE='2026-01-12T23:28:27.006071+00:00' AIRFLOW_CTX_TRY_NUMBER='1' AIRFLOW_CTX_DAG_RUN_ID='manual__2026-01-12T23:28:27.006071+00:00'
[2026-01-12T23:28:44.255+0000] {taskinstance.py:430} INFO - ::endgroup::
[2026-01-12T23:28:44.317+0000] {subprocess.py:63} INFO - Tmp dir root location: /tmp
[2026-01-12T23:28:44.323+0000] {subprocess.py:75} INFO - Running command: ['/usr/bin/bash', '-c', 'python /opt/***/etl/transform/transform_pagos.py']
[2026-01-12T23:28:44.375+0000] {subprocess.py:86} INFO - Output:
[2026-01-12T23:28:46.297+0000] {subprocess.py:93} INFO - Traceback (most recent call last):
[2026-01-12T23:28:46.298+0000] {subprocess.py:93} INFO -   File "/opt/***/etl/transform/transform_pagos.py", line 18, in <module>
[2026-01-12T23:28:46.302+0000] {subprocess.py:93} INFO -     raise ValueError("❌ No hay datos en Bronze pagos")
[2026-01-12T23:28:46.303+0000] {subprocess.py:93} INFO - ValueError: ❌ No hay datos en Bronze pagos
[2026-01-12T23:28:46.586+0000] {subprocess.py:97} INFO - Command exited with return code 1
[2026-01-12T23:28:46.590+0000] {taskinstance.py:441} INFO - ::group::Post task execution logs
[2026-01-12T23:28:46.616+0000] {taskinstance.py:2890} ERROR - Task failed with exception
Traceback (most recent call last):
  File "/home/airflow/.local/lib/python3.12/site-packages/airflow/models/taskinstance.py", line 465, in _execute_task
    result = _execute_callable(context=context, **execute_callable_kwargs)
             ^^^^^^^^^^^^^^^^^^^^^^^^^^^^^^^^^^^^^^^^^^^^^^^^^^^^^^^^^^^^^
  File "/home/airflow/.local/lib/python3.12/site-packages/airflow/models/taskinstance.py", line 432, in _execute_callable
    return execute_callable(context=context, **execute_callable_kwargs)
           ^^^^^^^^^^^^^^^^^^^^^^^^^^^^^^^^^^^^^^^^^^^^^^^^^^^^^^^^^^^^
  File "/home/airflow/.local/lib/python3.12/site-packages/airflow/models/baseoperator.py", line 400, in wrapper
    return func(self, *args, **kwargs)
           ^^^^^^^^^^^^^^^^^^^^^^^^^^^
  File "/home/airflow/.local/lib/python3.12/site-packages/airflow/operators/bash.py", line 243, in execute
    raise AirflowException(
airflow.exceptions.AirflowException: Bash command failed. The command returned a non-zero exit code 1.
[2026-01-12T23:28:46.649+0000] {taskinstance.py:1205} INFO - Marking task as UP_FOR_RETRY. dag_id=novaretail_etl_pipeline, task_id=silver_transform.transform_pagos, execution_date=20260112T232827, start_date=20260112T232843, end_date=20260112T232846
[2026-01-12T23:28:46.687+0000] {standard_task_runner.py:110} ERROR - Failed to execute job 78 for task silver_transform.transform_pagos (Bash command failed. The command returned a non-zero exit code 1.; 1701)
[2026-01-12T23:28:46.728+0000] {local_task_job_runner.py:240} INFO - Task exited with return code 1
[2026-01-12T23:28:46.776+0000] {taskinstance.py:3482} INFO - 0 downstream tasks scheduled from follow-on schedule check
[2026-01-12T23:28:46.779+0000] {local_task_job_runner.py:222} INFO - ::endgroup::
