[2026-01-12T23:19:24.339+0000] {local_task_job_runner.py:120} INFO - ::group::Pre task execution logs
[2026-01-12T23:19:24.675+0000] {taskinstance.py:2073} INFO - Dependencies all met for dep_context=non-requeueable deps ti=<TaskInstance: novaretail_etl_pipeline.extract_clientes manual__2026-01-12T23:19:21.007354+00:00 [queued]>
[2026-01-12T23:19:24.694+0000] {taskinstance.py:2073} INFO - Dependencies all met for dep_context=requeueable deps ti=<TaskInstance: novaretail_etl_pipeline.extract_clientes manual__2026-01-12T23:19:21.007354+00:00 [queued]>
[2026-01-12T23:19:24.695+0000] {taskinstance.py:2303} INFO - Starting attempt 1 of 3
[2026-01-12T23:19:24.755+0000] {taskinstance.py:2327} INFO - Executing <Task(BashOperator): extract_clientes> on 2026-01-12 23:19:21.007354+00:00
[2026-01-12T23:19:24.803+0000] {standard_task_runner.py:90} INFO - Running: ['***', 'tasks', 'run', 'novaretail_etl_pipeline', 'extract_clientes', 'manual__2026-01-12T23:19:21.007354+00:00', '--job-id', '56', '--raw', '--subdir', 'DAGS_FOLDER/novareatil_etl_dag.py', '--cfg-path', '/tmp/tmpc97vqd9y']
[2026-01-12T23:19:24.831+0000] {standard_task_runner.py:91} INFO - Job 56: Subtask extract_clientes
[2026-01-12T23:19:24.846+0000] {logging_mixin.py:188} WARNING - /home/***/.local/lib/python3.12/site-packages/***/task/task_runner/standard_task_runner.py:61 DeprecationWarning: This process (pid=1109) is multi-threaded, use of fork() may lead to deadlocks in the child.
[2026-01-12T23:19:24.850+0000] {standard_task_runner.py:63} INFO - Started process 1113 to run task
[2026-01-12T23:19:25.757+0000] {task_command.py:426} INFO - Running <TaskInstance: novaretail_etl_pipeline.extract_clientes manual__2026-01-12T23:19:21.007354+00:00 [running]> on host 8812783e36e1
[2026-01-12T23:19:27.657+0000] {taskinstance.py:2644} INFO - Exporting env vars: AIRFLOW_CTX_DAG_OWNER='carlos' AIRFLOW_CTX_DAG_ID='novaretail_etl_pipeline' AIRFLOW_CTX_TASK_ID='extract_clientes' AIRFLOW_CTX_EXECUTION_DATE='2026-01-12T23:19:21.007354+00:00' AIRFLOW_CTX_TRY_NUMBER='1' AIRFLOW_CTX_DAG_RUN_ID='manual__2026-01-12T23:19:21.007354+00:00'
[2026-01-12T23:19:27.661+0000] {taskinstance.py:430} INFO - ::endgroup::
[2026-01-12T23:19:27.793+0000] {subprocess.py:63} INFO - Tmp dir root location: /tmp
[2026-01-12T23:19:27.800+0000] {subprocess.py:75} INFO - Running command: ['/usr/bin/bash', '-c', 'python etl/extract/extract_clientes.py']
[2026-01-12T23:19:27.872+0000] {subprocess.py:86} INFO - Output:
[2026-01-12T23:19:28.200+0000] {subprocess.py:93} INFO - python: can't open file '/tmp/***tmp4s8cw26v/etl/extract/extract_clientes.py': [Errno 2] No such file or directory
[2026-01-12T23:19:28.209+0000] {subprocess.py:97} INFO - Command exited with return code 2
[2026-01-12T23:19:28.213+0000] {taskinstance.py:441} INFO - ::group::Post task execution logs
[2026-01-12T23:19:28.248+0000] {taskinstance.py:2890} ERROR - Task failed with exception
Traceback (most recent call last):
  File "/home/airflow/.local/lib/python3.12/site-packages/airflow/models/taskinstance.py", line 465, in _execute_task
    result = _execute_callable(context=context, **execute_callable_kwargs)
             ^^^^^^^^^^^^^^^^^^^^^^^^^^^^^^^^^^^^^^^^^^^^^^^^^^^^^^^^^^^^^
  File "/home/airflow/.local/lib/python3.12/site-packages/airflow/models/taskinstance.py", line 432, in _execute_callable
    return execute_callable(context=context, **execute_callable_kwargs)
           ^^^^^^^^^^^^^^^^^^^^^^^^^^^^^^^^^^^^^^^^^^^^^^^^^^^^^^^^^^^^
  File "/home/airflow/.local/lib/python3.12/site-packages/airflow/models/baseoperator.py", line 400, in wrapper
    return func(self, *args, **kwargs)
           ^^^^^^^^^^^^^^^^^^^^^^^^^^^
  File "/home/airflow/.local/lib/python3.12/site-packages/airflow/operators/bash.py", line 243, in execute
    raise AirflowException(
airflow.exceptions.AirflowException: Bash command failed. The command returned a non-zero exit code 2.
[2026-01-12T23:19:28.255+0000] {taskinstance.py:1205} INFO - Marking task as UP_FOR_RETRY. dag_id=novaretail_etl_pipeline, task_id=extract_clientes, execution_date=20260112T231921, start_date=20260112T231924, end_date=20260112T231928
[2026-01-12T23:19:28.298+0000] {standard_task_runner.py:110} ERROR - Failed to execute job 56 for task extract_clientes (Bash command failed. The command returned a non-zero exit code 2.; 1113)
[2026-01-12T23:19:28.321+0000] {local_task_job_runner.py:240} INFO - Task exited with return code 1
[2026-01-12T23:19:28.377+0000] {taskinstance.py:3482} INFO - 0 downstream tasks scheduled from follow-on schedule check
[2026-01-12T23:19:28.380+0000] {local_task_job_runner.py:222} INFO - ::endgroup::
