[2026-01-12T23:21:29.501+0000] {local_task_job_runner.py:120} INFO - ::group::Pre task execution logs
[2026-01-12T23:21:29.623+0000] {taskinstance.py:2073} INFO - Dependencies all met for dep_context=non-requeueable deps ti=<TaskInstance: novaretail_etl_pipeline.extract_clientes manual__2026-01-12T23:19:21.007354+00:00 [queued]>
[2026-01-12T23:21:29.643+0000] {taskinstance.py:2073} INFO - Dependencies all met for dep_context=requeueable deps ti=<TaskInstance: novaretail_etl_pipeline.extract_clientes manual__2026-01-12T23:19:21.007354+00:00 [queued]>
[2026-01-12T23:21:29.644+0000] {taskinstance.py:2303} INFO - Starting attempt 2 of 3
[2026-01-12T23:21:29.670+0000] {taskinstance.py:2327} INFO - Executing <Task(BashOperator): extract_clientes> on 2026-01-12 23:19:21.007354+00:00
[2026-01-12T23:21:29.691+0000] {standard_task_runner.py:90} INFO - Running: ['***', 'tasks', 'run', 'novaretail_etl_pipeline', 'extract_clientes', 'manual__2026-01-12T23:19:21.007354+00:00', '--job-id', '58', '--raw', '--subdir', 'DAGS_FOLDER/novareatil_etl_dag.py', '--cfg-path', '/tmp/tmp3fdhk7qw']
[2026-01-12T23:21:29.700+0000] {standard_task_runner.py:91} INFO - Job 58: Subtask extract_clientes
[2026-01-12T23:21:29.709+0000] {logging_mixin.py:188} WARNING - /home/***/.local/lib/python3.12/site-packages/***/task/task_runner/standard_task_runner.py:61 DeprecationWarning: This process (pid=1147) is multi-threaded, use of fork() may lead to deadlocks in the child.
[2026-01-12T23:21:29.710+0000] {standard_task_runner.py:63} INFO - Started process 1150 to run task
[2026-01-12T23:21:29.817+0000] {task_command.py:426} INFO - Running <TaskInstance: novaretail_etl_pipeline.extract_clientes manual__2026-01-12T23:19:21.007354+00:00 [running]> on host 8812783e36e1
[2026-01-12T23:21:30.001+0000] {taskinstance.py:2644} INFO - Exporting env vars: AIRFLOW_CTX_DAG_OWNER='carlos' AIRFLOW_CTX_DAG_ID='novaretail_etl_pipeline' AIRFLOW_CTX_TASK_ID='extract_clientes' AIRFLOW_CTX_EXECUTION_DATE='2026-01-12T23:19:21.007354+00:00' AIRFLOW_CTX_TRY_NUMBER='2' AIRFLOW_CTX_DAG_RUN_ID='manual__2026-01-12T23:19:21.007354+00:00'
[2026-01-12T23:21:30.003+0000] {taskinstance.py:430} INFO - ::endgroup::
[2026-01-12T23:21:30.035+0000] {subprocess.py:63} INFO - Tmp dir root location: /tmp
[2026-01-12T23:21:30.042+0000] {subprocess.py:75} INFO - Running command: ['/usr/bin/bash', '-c', 'python /opt/***/etl/extract/extract_clientes.py']
[2026-01-12T23:21:30.060+0000] {subprocess.py:86} INFO - Output:
[2026-01-12T23:21:37.466+0000] {subprocess.py:93} INFO - ✔ BRONZE clientes generado en /opt/***/data/bronze/clientes/load_date=2026-01-12/clientes.parquet
[2026-01-12T23:21:37.843+0000] {subprocess.py:97} INFO - Command exited with return code 0
[2026-01-12T23:21:37.864+0000] {taskinstance.py:441} INFO - ::group::Post task execution logs
[2026-01-12T23:21:37.951+0000] {taskinstance.py:1205} INFO - Marking task as SUCCESS. dag_id=novaretail_etl_pipeline, task_id=extract_clientes, execution_date=20260112T231921, start_date=20260112T232129, end_date=20260112T232137
[2026-01-12T23:21:38.000+0000] {local_task_job_runner.py:240} INFO - Task exited with return code 0
[2026-01-12T23:21:38.077+0000] {taskinstance.py:3482} INFO - 1 downstream tasks scheduled from follow-on schedule check
[2026-01-12T23:21:38.079+0000] {local_task_job_runner.py:222} INFO - ::endgroup::
