[2026-01-13T00:00:11.247+0000] {processor.py:161} INFO - Started process (PID=2134) to work on /opt/airflow/dags/novareatil_etl_dag.py
[2026-01-13T00:00:11.248+0000] {processor.py:830} INFO - Processing file /opt/airflow/dags/novareatil_etl_dag.py for tasks to queue
[2026-01-13T00:00:11.250+0000] {logging_mixin.py:188} INFO - [2026-01-13T00:00:11.249+0000] {dagbag.py:540} INFO - Filling up the DagBag from /opt/airflow/dags/novareatil_etl_dag.py
[2026-01-13T00:00:11.276+0000] {processor.py:840} INFO - DAG(s) 'novaretail_etl_pipeline' retrieved from /opt/airflow/dags/novareatil_etl_dag.py
[2026-01-13T00:00:11.346+0000] {logging_mixin.py:188} INFO - [2026-01-13T00:00:11.346+0000] {dag.py:3096} INFO - Sync 1 DAGs
[2026-01-13T00:00:11.385+0000] {logging_mixin.py:188} INFO - [2026-01-13T00:00:11.384+0000] {dag.py:3954} INFO - Setting next_dagrun for novaretail_etl_pipeline to None, run_after=None
[2026-01-13T00:00:11.466+0000] {processor.py:183} INFO - Processing /opt/airflow/dags/novareatil_etl_dag.py took 0.228 seconds
[2026-01-13T00:00:41.941+0000] {processor.py:161} INFO - Started process (PID=2139) to work on /opt/airflow/dags/novareatil_etl_dag.py
[2026-01-13T00:00:41.944+0000] {processor.py:830} INFO - Processing file /opt/airflow/dags/novareatil_etl_dag.py for tasks to queue
[2026-01-13T00:00:41.946+0000] {logging_mixin.py:188} INFO - [2026-01-13T00:00:41.945+0000] {dagbag.py:540} INFO - Filling up the DagBag from /opt/airflow/dags/novareatil_etl_dag.py
[2026-01-13T00:00:41.999+0000] {processor.py:840} INFO - DAG(s) 'novaretail_etl_pipeline' retrieved from /opt/airflow/dags/novareatil_etl_dag.py
[2026-01-13T00:00:44.189+0000] {logging_mixin.py:188} INFO - [2026-01-13T00:00:44.189+0000] {dag.py:3096} INFO - Sync 1 DAGs
[2026-01-13T00:00:44.306+0000] {logging_mixin.py:188} INFO - [2026-01-13T00:00:44.305+0000] {dag.py:3954} INFO - Setting next_dagrun for novaretail_etl_pipeline to None, run_after=None
[2026-01-13T00:00:44.369+0000] {processor.py:183} INFO - Processing /opt/airflow/dags/novareatil_etl_dag.py took 0.415 seconds
[2026-01-13T00:01:19.617+0000] {processor.py:161} INFO - Started process (PID=2144) to work on /opt/airflow/dags/novareatil_etl_dag.py
[2026-01-13T00:01:19.653+0000] {processor.py:830} INFO - Processing file /opt/airflow/dags/novareatil_etl_dag.py for tasks to queue
[2026-01-13T00:01:19.710+0000] {logging_mixin.py:188} INFO - [2026-01-13T00:01:19.692+0000] {dagbag.py:540} INFO - Filling up the DagBag from /opt/airflow/dags/novareatil_etl_dag.py
[2026-01-13T00:01:19.876+0000] {processor.py:840} INFO - DAG(s) 'novaretail_etl_pipeline' retrieved from /opt/airflow/dags/novareatil_etl_dag.py
[2026-01-13T00:01:20.081+0000] {logging_mixin.py:188} INFO - [2026-01-13T00:01:20.080+0000] {dag.py:3096} INFO - Sync 1 DAGs
[2026-01-13T00:01:20.232+0000] {logging_mixin.py:188} INFO - [2026-01-13T00:01:20.231+0000] {dag.py:3954} INFO - Setting next_dagrun for novaretail_etl_pipeline to None, run_after=None
[2026-01-13T00:01:20.381+0000] {processor.py:183} INFO - Processing /opt/airflow/dags/novareatil_etl_dag.py took 0.795 seconds
[2026-01-13T00:01:50.912+0000] {processor.py:161} INFO - Started process (PID=2149) to work on /opt/airflow/dags/novareatil_etl_dag.py
[2026-01-13T00:01:50.915+0000] {processor.py:830} INFO - Processing file /opt/airflow/dags/novareatil_etl_dag.py for tasks to queue
[2026-01-13T00:01:50.917+0000] {logging_mixin.py:188} INFO - [2026-01-13T00:01:50.917+0000] {dagbag.py:540} INFO - Filling up the DagBag from /opt/airflow/dags/novareatil_etl_dag.py
[2026-01-13T00:01:50.952+0000] {processor.py:840} INFO - DAG(s) 'novaretail_etl_pipeline' retrieved from /opt/airflow/dags/novareatil_etl_dag.py
[2026-01-13T00:01:51.069+0000] {logging_mixin.py:188} INFO - [2026-01-13T00:01:51.069+0000] {dag.py:3096} INFO - Sync 1 DAGs
[2026-01-13T00:01:51.110+0000] {logging_mixin.py:188} INFO - [2026-01-13T00:01:51.110+0000] {dag.py:3954} INFO - Setting next_dagrun for novaretail_etl_pipeline to None, run_after=None
[2026-01-13T00:01:51.173+0000] {processor.py:183} INFO - Processing /opt/airflow/dags/novareatil_etl_dag.py took 0.345 seconds
[2026-01-13T00:02:23.751+0000] {processor.py:161} INFO - Started process (PID=2154) to work on /opt/airflow/dags/novareatil_etl_dag.py
[2026-01-13T00:02:23.752+0000] {processor.py:830} INFO - Processing file /opt/airflow/dags/novareatil_etl_dag.py for tasks to queue
[2026-01-13T00:02:23.755+0000] {logging_mixin.py:188} INFO - [2026-01-13T00:02:23.754+0000] {dagbag.py:540} INFO - Filling up the DagBag from /opt/airflow/dags/novareatil_etl_dag.py
[2026-01-13T00:02:23.809+0000] {processor.py:840} INFO - DAG(s) 'novaretail_etl_pipeline' retrieved from /opt/airflow/dags/novareatil_etl_dag.py
[2026-01-13T00:02:23.894+0000] {logging_mixin.py:188} INFO - [2026-01-13T00:02:23.894+0000] {dag.py:3096} INFO - Sync 1 DAGs
[2026-01-13T00:02:23.951+0000] {logging_mixin.py:188} INFO - [2026-01-13T00:02:23.950+0000] {dag.py:3954} INFO - Setting next_dagrun for novaretail_etl_pipeline to None, run_after=None
[2026-01-13T00:02:24.013+0000] {processor.py:183} INFO - Processing /opt/airflow/dags/novareatil_etl_dag.py took 0.270 seconds
[2026-01-13T00:02:57.124+0000] {processor.py:161} INFO - Started process (PID=2159) to work on /opt/airflow/dags/novareatil_etl_dag.py
[2026-01-13T00:02:57.126+0000] {processor.py:830} INFO - Processing file /opt/airflow/dags/novareatil_etl_dag.py for tasks to queue
[2026-01-13T00:02:57.127+0000] {logging_mixin.py:188} INFO - [2026-01-13T00:02:57.127+0000] {dagbag.py:540} INFO - Filling up the DagBag from /opt/airflow/dags/novareatil_etl_dag.py
[2026-01-13T00:02:57.154+0000] {processor.py:840} INFO - DAG(s) 'novaretail_etl_pipeline' retrieved from /opt/airflow/dags/novareatil_etl_dag.py
[2026-01-13T00:02:57.201+0000] {logging_mixin.py:188} INFO - [2026-01-13T00:02:57.201+0000] {dag.py:3096} INFO - Sync 1 DAGs
[2026-01-13T00:02:57.242+0000] {logging_mixin.py:188} INFO - [2026-01-13T00:02:57.242+0000] {dag.py:3954} INFO - Setting next_dagrun for novaretail_etl_pipeline to None, run_after=None
[2026-01-13T00:02:57.275+0000] {processor.py:183} INFO - Processing /opt/airflow/dags/novareatil_etl_dag.py took 0.157 seconds
[2026-01-13T00:03:30.549+0000] {processor.py:161} INFO - Started process (PID=2164) to work on /opt/airflow/dags/novareatil_etl_dag.py
[2026-01-13T00:03:30.550+0000] {processor.py:830} INFO - Processing file /opt/airflow/dags/novareatil_etl_dag.py for tasks to queue
[2026-01-13T00:03:30.551+0000] {logging_mixin.py:188} INFO - [2026-01-13T00:03:30.551+0000] {dagbag.py:540} INFO - Filling up the DagBag from /opt/airflow/dags/novareatil_etl_dag.py
[2026-01-13T00:03:30.582+0000] {processor.py:840} INFO - DAG(s) 'novaretail_etl_pipeline' retrieved from /opt/airflow/dags/novareatil_etl_dag.py
[2026-01-13T00:03:30.647+0000] {logging_mixin.py:188} INFO - [2026-01-13T00:03:30.646+0000] {dag.py:3096} INFO - Sync 1 DAGs
[2026-01-13T00:03:30.674+0000] {logging_mixin.py:188} INFO - [2026-01-13T00:03:30.673+0000] {dag.py:3954} INFO - Setting next_dagrun for novaretail_etl_pipeline to None, run_after=None
[2026-01-13T00:03:30.714+0000] {processor.py:183} INFO - Processing /opt/airflow/dags/novareatil_etl_dag.py took 0.183 seconds
[2026-01-13T00:04:04.114+0000] {processor.py:161} INFO - Started process (PID=2169) to work on /opt/airflow/dags/novareatil_etl_dag.py
[2026-01-13T00:04:04.115+0000] {processor.py:830} INFO - Processing file /opt/airflow/dags/novareatil_etl_dag.py for tasks to queue
[2026-01-13T00:04:04.117+0000] {logging_mixin.py:188} INFO - [2026-01-13T00:04:04.116+0000] {dagbag.py:540} INFO - Filling up the DagBag from /opt/airflow/dags/novareatil_etl_dag.py
[2026-01-13T00:04:04.140+0000] {processor.py:840} INFO - DAG(s) 'novaretail_etl_pipeline' retrieved from /opt/airflow/dags/novareatil_etl_dag.py
[2026-01-13T00:04:04.182+0000] {logging_mixin.py:188} INFO - [2026-01-13T00:04:04.182+0000] {dag.py:3096} INFO - Sync 1 DAGs
[2026-01-13T00:04:04.199+0000] {logging_mixin.py:188} INFO - [2026-01-13T00:04:04.199+0000] {dag.py:3954} INFO - Setting next_dagrun for novaretail_etl_pipeline to None, run_after=None
[2026-01-13T00:04:04.223+0000] {processor.py:183} INFO - Processing /opt/airflow/dags/novareatil_etl_dag.py took 0.115 seconds
[2026-01-13T00:04:36.792+0000] {processor.py:161} INFO - Started process (PID=2174) to work on /opt/airflow/dags/novareatil_etl_dag.py
[2026-01-13T00:04:36.795+0000] {processor.py:830} INFO - Processing file /opt/airflow/dags/novareatil_etl_dag.py for tasks to queue
[2026-01-13T00:04:36.798+0000] {logging_mixin.py:188} INFO - [2026-01-13T00:04:36.797+0000] {dagbag.py:540} INFO - Filling up the DagBag from /opt/airflow/dags/novareatil_etl_dag.py
[2026-01-13T00:04:36.866+0000] {processor.py:840} INFO - DAG(s) 'novaretail_etl_pipeline' retrieved from /opt/airflow/dags/novareatil_etl_dag.py
[2026-01-13T00:04:36.938+0000] {logging_mixin.py:188} INFO - [2026-01-13T00:04:36.937+0000] {dag.py:3096} INFO - Sync 1 DAGs
[2026-01-13T00:04:36.964+0000] {logging_mixin.py:188} INFO - [2026-01-13T00:04:36.964+0000] {dag.py:3954} INFO - Setting next_dagrun for novaretail_etl_pipeline to None, run_after=None
[2026-01-13T00:04:37.006+0000] {processor.py:183} INFO - Processing /opt/airflow/dags/novareatil_etl_dag.py took 0.231 seconds
[2026-01-13T00:05:10.336+0000] {processor.py:161} INFO - Started process (PID=2179) to work on /opt/airflow/dags/novareatil_etl_dag.py
[2026-01-13T00:05:10.338+0000] {processor.py:830} INFO - Processing file /opt/airflow/dags/novareatil_etl_dag.py for tasks to queue
[2026-01-13T00:05:10.340+0000] {logging_mixin.py:188} INFO - [2026-01-13T00:05:10.340+0000] {dagbag.py:540} INFO - Filling up the DagBag from /opt/airflow/dags/novareatil_etl_dag.py
[2026-01-13T00:05:10.391+0000] {processor.py:840} INFO - DAG(s) 'novaretail_etl_pipeline' retrieved from /opt/airflow/dags/novareatil_etl_dag.py
[2026-01-13T00:05:10.456+0000] {logging_mixin.py:188} INFO - [2026-01-13T00:05:10.456+0000] {dag.py:3096} INFO - Sync 1 DAGs
[2026-01-13T00:05:10.483+0000] {logging_mixin.py:188} INFO - [2026-01-13T00:05:10.483+0000] {dag.py:3954} INFO - Setting next_dagrun for novaretail_etl_pipeline to None, run_after=None
[2026-01-13T00:05:10.524+0000] {processor.py:183} INFO - Processing /opt/airflow/dags/novareatil_etl_dag.py took 0.200 seconds
[2026-01-13T00:05:40.906+0000] {processor.py:161} INFO - Started process (PID=2184) to work on /opt/airflow/dags/novareatil_etl_dag.py
[2026-01-13T00:05:40.914+0000] {processor.py:830} INFO - Processing file /opt/airflow/dags/novareatil_etl_dag.py for tasks to queue
[2026-01-13T00:05:40.916+0000] {logging_mixin.py:188} INFO - [2026-01-13T00:05:40.915+0000] {dagbag.py:540} INFO - Filling up the DagBag from /opt/airflow/dags/novareatil_etl_dag.py
[2026-01-13T00:05:40.952+0000] {processor.py:840} INFO - DAG(s) 'novaretail_etl_pipeline' retrieved from /opt/airflow/dags/novareatil_etl_dag.py
[2026-01-13T00:05:43.062+0000] {logging_mixin.py:188} INFO - [2026-01-13T00:05:43.061+0000] {dag.py:3096} INFO - Sync 1 DAGs
[2026-01-13T00:05:43.143+0000] {logging_mixin.py:188} INFO - [2026-01-13T00:05:43.142+0000] {dag.py:3954} INFO - Setting next_dagrun for novaretail_etl_pipeline to None, run_after=None
[2026-01-13T00:05:43.226+0000] {processor.py:183} INFO - Processing /opt/airflow/dags/novareatil_etl_dag.py took 0.308 seconds
[2026-01-13T00:06:16.452+0000] {processor.py:161} INFO - Started process (PID=2189) to work on /opt/airflow/dags/novareatil_etl_dag.py
[2026-01-13T00:06:16.454+0000] {processor.py:830} INFO - Processing file /opt/airflow/dags/novareatil_etl_dag.py for tasks to queue
[2026-01-13T00:06:16.457+0000] {logging_mixin.py:188} INFO - [2026-01-13T00:06:16.456+0000] {dagbag.py:540} INFO - Filling up the DagBag from /opt/airflow/dags/novareatil_etl_dag.py
[2026-01-13T00:06:16.494+0000] {processor.py:840} INFO - DAG(s) 'novaretail_etl_pipeline' retrieved from /opt/airflow/dags/novareatil_etl_dag.py
[2026-01-13T00:06:16.598+0000] {logging_mixin.py:188} INFO - [2026-01-13T00:06:16.597+0000] {dag.py:3096} INFO - Sync 1 DAGs
[2026-01-13T00:06:16.652+0000] {logging_mixin.py:188} INFO - [2026-01-13T00:06:16.651+0000] {dag.py:3954} INFO - Setting next_dagrun for novaretail_etl_pipeline to None, run_after=None
[2026-01-13T00:06:16.721+0000] {processor.py:183} INFO - Processing /opt/airflow/dags/novareatil_etl_dag.py took 0.283 seconds
[2026-01-13T00:06:49.863+0000] {processor.py:161} INFO - Started process (PID=2194) to work on /opt/airflow/dags/novareatil_etl_dag.py
[2026-01-13T00:06:49.864+0000] {processor.py:830} INFO - Processing file /opt/airflow/dags/novareatil_etl_dag.py for tasks to queue
[2026-01-13T00:06:49.865+0000] {logging_mixin.py:188} INFO - [2026-01-13T00:06:49.865+0000] {dagbag.py:540} INFO - Filling up the DagBag from /opt/airflow/dags/novareatil_etl_dag.py
[2026-01-13T00:06:49.935+0000] {processor.py:840} INFO - DAG(s) 'novaretail_etl_pipeline' retrieved from /opt/airflow/dags/novareatil_etl_dag.py
[2026-01-13T00:06:50.340+0000] {logging_mixin.py:188} INFO - [2026-01-13T00:06:50.340+0000] {dag.py:3096} INFO - Sync 1 DAGs
[2026-01-13T00:06:50.355+0000] {logging_mixin.py:188} INFO - [2026-01-13T00:06:50.355+0000] {dag.py:3954} INFO - Setting next_dagrun for novaretail_etl_pipeline to None, run_after=None
[2026-01-13T00:06:50.375+0000] {processor.py:183} INFO - Processing /opt/airflow/dags/novareatil_etl_dag.py took 0.519 seconds
[2026-01-13T00:07:22.895+0000] {processor.py:161} INFO - Started process (PID=2199) to work on /opt/airflow/dags/novareatil_etl_dag.py
[2026-01-13T00:07:22.898+0000] {processor.py:830} INFO - Processing file /opt/airflow/dags/novareatil_etl_dag.py for tasks to queue
[2026-01-13T00:07:22.901+0000] {logging_mixin.py:188} INFO - [2026-01-13T00:07:22.900+0000] {dagbag.py:540} INFO - Filling up the DagBag from /opt/airflow/dags/novareatil_etl_dag.py
[2026-01-13T00:07:22.985+0000] {processor.py:840} INFO - DAG(s) 'novaretail_etl_pipeline' retrieved from /opt/airflow/dags/novareatil_etl_dag.py
[2026-01-13T00:07:23.049+0000] {logging_mixin.py:188} INFO - [2026-01-13T00:07:23.047+0000] {dag.py:3096} INFO - Sync 1 DAGs
[2026-01-13T00:07:23.072+0000] {logging_mixin.py:188} INFO - [2026-01-13T00:07:23.072+0000] {dag.py:3954} INFO - Setting next_dagrun for novaretail_etl_pipeline to None, run_after=None
[2026-01-13T00:07:23.104+0000] {processor.py:183} INFO - Processing /opt/airflow/dags/novareatil_etl_dag.py took 0.231 seconds
[2026-01-13T00:07:56.415+0000] {processor.py:161} INFO - Started process (PID=2204) to work on /opt/airflow/dags/novareatil_etl_dag.py
[2026-01-13T00:07:56.417+0000] {processor.py:830} INFO - Processing file /opt/airflow/dags/novareatil_etl_dag.py for tasks to queue
[2026-01-13T00:07:56.420+0000] {logging_mixin.py:188} INFO - [2026-01-13T00:07:56.419+0000] {dagbag.py:540} INFO - Filling up the DagBag from /opt/airflow/dags/novareatil_etl_dag.py
[2026-01-13T00:07:56.454+0000] {processor.py:840} INFO - DAG(s) 'novaretail_etl_pipeline' retrieved from /opt/airflow/dags/novareatil_etl_dag.py
[2026-01-13T00:07:56.598+0000] {logging_mixin.py:188} INFO - [2026-01-13T00:07:56.597+0000] {dag.py:3096} INFO - Sync 1 DAGs
[2026-01-13T00:07:56.668+0000] {logging_mixin.py:188} INFO - [2026-01-13T00:07:56.668+0000] {dag.py:3954} INFO - Setting next_dagrun for novaretail_etl_pipeline to None, run_after=None
[2026-01-13T00:07:56.715+0000] {processor.py:183} INFO - Processing /opt/airflow/dags/novareatil_etl_dag.py took 0.309 seconds
[2026-01-13T00:08:27.180+0000] {processor.py:161} INFO - Started process (PID=2209) to work on /opt/airflow/dags/novareatil_etl_dag.py
[2026-01-13T00:08:27.184+0000] {processor.py:830} INFO - Processing file /opt/airflow/dags/novareatil_etl_dag.py for tasks to queue
[2026-01-13T00:08:27.186+0000] {logging_mixin.py:188} INFO - [2026-01-13T00:08:27.185+0000] {dagbag.py:540} INFO - Filling up the DagBag from /opt/airflow/dags/novareatil_etl_dag.py
[2026-01-13T00:08:29.259+0000] {processor.py:840} INFO - DAG(s) 'novaretail_etl_pipeline' retrieved from /opt/airflow/dags/novareatil_etl_dag.py
[2026-01-13T00:08:29.343+0000] {logging_mixin.py:188} INFO - [2026-01-13T00:08:29.342+0000] {dag.py:3096} INFO - Sync 1 DAGs
[2026-01-13T00:08:29.368+0000] {logging_mixin.py:188} INFO - [2026-01-13T00:08:29.367+0000] {dag.py:3954} INFO - Setting next_dagrun for novaretail_etl_pipeline to None, run_after=None
[2026-01-13T00:08:29.391+0000] {processor.py:183} INFO - Processing /opt/airflow/dags/novareatil_etl_dag.py took 0.199 seconds
[2026-01-13T00:09:02.863+0000] {processor.py:161} INFO - Started process (PID=2214) to work on /opt/airflow/dags/novareatil_etl_dag.py
[2026-01-13T00:09:02.864+0000] {processor.py:830} INFO - Processing file /opt/airflow/dags/novareatil_etl_dag.py for tasks to queue
[2026-01-13T00:09:02.865+0000] {logging_mixin.py:188} INFO - [2026-01-13T00:09:02.865+0000] {dagbag.py:540} INFO - Filling up the DagBag from /opt/airflow/dags/novareatil_etl_dag.py
[2026-01-13T00:09:02.885+0000] {processor.py:840} INFO - DAG(s) 'novaretail_etl_pipeline' retrieved from /opt/airflow/dags/novareatil_etl_dag.py
[2026-01-13T00:09:02.927+0000] {logging_mixin.py:188} INFO - [2026-01-13T00:09:02.927+0000] {dag.py:3096} INFO - Sync 1 DAGs
[2026-01-13T00:09:02.946+0000] {logging_mixin.py:188} INFO - [2026-01-13T00:09:02.946+0000] {dag.py:3954} INFO - Setting next_dagrun for novaretail_etl_pipeline to None, run_after=None
[2026-01-13T00:09:02.994+0000] {processor.py:183} INFO - Processing /opt/airflow/dags/novareatil_etl_dag.py took 0.148 seconds
[2026-01-13T00:09:36.235+0000] {processor.py:161} INFO - Started process (PID=2219) to work on /opt/airflow/dags/novareatil_etl_dag.py
[2026-01-13T00:09:36.237+0000] {processor.py:830} INFO - Processing file /opt/airflow/dags/novareatil_etl_dag.py for tasks to queue
[2026-01-13T00:09:36.238+0000] {logging_mixin.py:188} INFO - [2026-01-13T00:09:36.237+0000] {dagbag.py:540} INFO - Filling up the DagBag from /opt/airflow/dags/novareatil_etl_dag.py
[2026-01-13T00:09:36.263+0000] {processor.py:840} INFO - DAG(s) 'novaretail_etl_pipeline' retrieved from /opt/airflow/dags/novareatil_etl_dag.py
[2026-01-13T00:09:36.306+0000] {logging_mixin.py:188} INFO - [2026-01-13T00:09:36.305+0000] {dag.py:3096} INFO - Sync 1 DAGs
[2026-01-13T00:09:36.327+0000] {logging_mixin.py:188} INFO - [2026-01-13T00:09:36.326+0000] {dag.py:3954} INFO - Setting next_dagrun for novaretail_etl_pipeline to None, run_after=None
[2026-01-13T00:09:36.379+0000] {processor.py:183} INFO - Processing /opt/airflow/dags/novareatil_etl_dag.py took 0.151 seconds
[2026-01-13T00:10:06.663+0000] {processor.py:161} INFO - Started process (PID=2224) to work on /opt/airflow/dags/novareatil_etl_dag.py
[2026-01-13T00:10:06.664+0000] {processor.py:830} INFO - Processing file /opt/airflow/dags/novareatil_etl_dag.py for tasks to queue
[2026-01-13T00:10:06.666+0000] {logging_mixin.py:188} INFO - [2026-01-13T00:10:06.665+0000] {dagbag.py:540} INFO - Filling up the DagBag from /opt/airflow/dags/novareatil_etl_dag.py
[2026-01-13T00:10:06.700+0000] {processor.py:840} INFO - DAG(s) 'novaretail_etl_pipeline' retrieved from /opt/airflow/dags/novareatil_etl_dag.py
[2026-01-13T00:10:08.814+0000] {logging_mixin.py:188} INFO - [2026-01-13T00:10:08.814+0000] {dag.py:3096} INFO - Sync 1 DAGs
[2026-01-13T00:10:08.863+0000] {logging_mixin.py:188} INFO - [2026-01-13T00:10:08.862+0000] {dag.py:3954} INFO - Setting next_dagrun for novaretail_etl_pipeline to None, run_after=None
[2026-01-13T00:10:08.921+0000] {processor.py:183} INFO - Processing /opt/airflow/dags/novareatil_etl_dag.py took 0.237 seconds
[2026-01-13T00:10:42.380+0000] {processor.py:161} INFO - Started process (PID=2229) to work on /opt/airflow/dags/novareatil_etl_dag.py
[2026-01-13T00:10:42.384+0000] {processor.py:830} INFO - Processing file /opt/airflow/dags/novareatil_etl_dag.py for tasks to queue
[2026-01-13T00:10:42.388+0000] {logging_mixin.py:188} INFO - [2026-01-13T00:10:42.386+0000] {dagbag.py:540} INFO - Filling up the DagBag from /opt/airflow/dags/novareatil_etl_dag.py
[2026-01-13T00:10:42.439+0000] {processor.py:840} INFO - DAG(s) 'novaretail_etl_pipeline' retrieved from /opt/airflow/dags/novareatil_etl_dag.py
[2026-01-13T00:10:42.524+0000] {logging_mixin.py:188} INFO - [2026-01-13T00:10:42.523+0000] {dag.py:3096} INFO - Sync 1 DAGs
[2026-01-13T00:10:42.557+0000] {logging_mixin.py:188} INFO - [2026-01-13T00:10:42.556+0000] {dag.py:3954} INFO - Setting next_dagrun for novaretail_etl_pipeline to None, run_after=None
[2026-01-13T00:10:42.587+0000] {processor.py:183} INFO - Processing /opt/airflow/dags/novareatil_etl_dag.py took 0.219 seconds
[2026-01-13T00:11:16.005+0000] {processor.py:161} INFO - Started process (PID=2234) to work on /opt/airflow/dags/novareatil_etl_dag.py
[2026-01-13T00:11:16.012+0000] {processor.py:830} INFO - Processing file /opt/airflow/dags/novareatil_etl_dag.py for tasks to queue
[2026-01-13T00:11:16.014+0000] {logging_mixin.py:188} INFO - [2026-01-13T00:11:16.013+0000] {dagbag.py:540} INFO - Filling up the DagBag from /opt/airflow/dags/novareatil_etl_dag.py
[2026-01-13T00:11:16.053+0000] {processor.py:840} INFO - DAG(s) 'novaretail_etl_pipeline' retrieved from /opt/airflow/dags/novareatil_etl_dag.py
[2026-01-13T00:11:16.089+0000] {logging_mixin.py:188} INFO - [2026-01-13T00:11:16.088+0000] {dag.py:3096} INFO - Sync 1 DAGs
[2026-01-13T00:11:16.104+0000] {logging_mixin.py:188} INFO - [2026-01-13T00:11:16.104+0000] {dag.py:3954} INFO - Setting next_dagrun for novaretail_etl_pipeline to None, run_after=None
[2026-01-13T00:11:16.150+0000] {processor.py:183} INFO - Processing /opt/airflow/dags/novareatil_etl_dag.py took 0.167 seconds
[2026-01-13T00:11:46.629+0000] {processor.py:161} INFO - Started process (PID=2239) to work on /opt/airflow/dags/novareatil_etl_dag.py
[2026-01-13T00:11:46.631+0000] {processor.py:830} INFO - Processing file /opt/airflow/dags/novareatil_etl_dag.py for tasks to queue
[2026-01-13T00:11:46.632+0000] {logging_mixin.py:188} INFO - [2026-01-13T00:11:46.631+0000] {dagbag.py:540} INFO - Filling up the DagBag from /opt/airflow/dags/novareatil_etl_dag.py
[2026-01-13T00:11:46.657+0000] {processor.py:840} INFO - DAG(s) 'novaretail_etl_pipeline' retrieved from /opt/airflow/dags/novareatil_etl_dag.py
[2026-01-13T00:11:46.697+0000] {logging_mixin.py:188} INFO - [2026-01-13T00:11:46.697+0000] {dag.py:3096} INFO - Sync 1 DAGs
[2026-01-13T00:11:48.764+0000] {logging_mixin.py:188} INFO - [2026-01-13T00:11:48.763+0000] {dag.py:3954} INFO - Setting next_dagrun for novaretail_etl_pipeline to None, run_after=None
[2026-01-13T00:11:48.799+0000] {processor.py:183} INFO - Processing /opt/airflow/dags/novareatil_etl_dag.py took 0.151 seconds
[2026-01-13T00:12:22.137+0000] {processor.py:161} INFO - Started process (PID=2244) to work on /opt/airflow/dags/novareatil_etl_dag.py
[2026-01-13T00:12:22.231+0000] {processor.py:830} INFO - Processing file /opt/airflow/dags/novareatil_etl_dag.py for tasks to queue
[2026-01-13T00:12:22.327+0000] {logging_mixin.py:188} INFO - [2026-01-13T00:12:22.327+0000] {dagbag.py:540} INFO - Filling up the DagBag from /opt/airflow/dags/novareatil_etl_dag.py
[2026-01-13T00:12:22.525+0000] {processor.py:840} INFO - DAG(s) 'novaretail_etl_pipeline' retrieved from /opt/airflow/dags/novareatil_etl_dag.py
[2026-01-13T00:12:22.588+0000] {logging_mixin.py:188} INFO - [2026-01-13T00:12:22.587+0000] {dag.py:3096} INFO - Sync 1 DAGs
[2026-01-13T00:12:22.636+0000] {logging_mixin.py:188} INFO - [2026-01-13T00:12:22.636+0000] {dag.py:3954} INFO - Setting next_dagrun for novaretail_etl_pipeline to None, run_after=None
[2026-01-13T00:12:22.756+0000] {processor.py:183} INFO - Processing /opt/airflow/dags/novareatil_etl_dag.py took 0.634 seconds
[2026-01-13T00:12:55.297+0000] {processor.py:161} INFO - Started process (PID=2249) to work on /opt/airflow/dags/novareatil_etl_dag.py
[2026-01-13T00:12:55.298+0000] {processor.py:830} INFO - Processing file /opt/airflow/dags/novareatil_etl_dag.py for tasks to queue
[2026-01-13T00:12:55.299+0000] {logging_mixin.py:188} INFO - [2026-01-13T00:12:55.299+0000] {dagbag.py:540} INFO - Filling up the DagBag from /opt/airflow/dags/novareatil_etl_dag.py
[2026-01-13T00:12:55.330+0000] {processor.py:840} INFO - DAG(s) 'novaretail_etl_pipeline' retrieved from /opt/airflow/dags/novareatil_etl_dag.py
[2026-01-13T00:12:55.377+0000] {logging_mixin.py:188} INFO - [2026-01-13T00:12:55.377+0000] {dag.py:3096} INFO - Sync 1 DAGs
[2026-01-13T00:12:55.434+0000] {logging_mixin.py:188} INFO - [2026-01-13T00:12:55.434+0000] {dag.py:3954} INFO - Setting next_dagrun for novaretail_etl_pipeline to None, run_after=None
[2026-01-13T00:12:55.514+0000] {processor.py:183} INFO - Processing /opt/airflow/dags/novareatil_etl_dag.py took 0.226 seconds
[2026-01-13T00:13:28.714+0000] {processor.py:161} INFO - Started process (PID=2254) to work on /opt/airflow/dags/novareatil_etl_dag.py
[2026-01-13T00:13:28.716+0000] {processor.py:830} INFO - Processing file /opt/airflow/dags/novareatil_etl_dag.py for tasks to queue
[2026-01-13T00:13:28.718+0000] {logging_mixin.py:188} INFO - [2026-01-13T00:13:28.718+0000] {dagbag.py:540} INFO - Filling up the DagBag from /opt/airflow/dags/novareatil_etl_dag.py
[2026-01-13T00:13:28.767+0000] {processor.py:840} INFO - DAG(s) 'novaretail_etl_pipeline' retrieved from /opt/airflow/dags/novareatil_etl_dag.py
[2026-01-13T00:13:28.811+0000] {logging_mixin.py:188} INFO - [2026-01-13T00:13:28.811+0000] {dag.py:3096} INFO - Sync 1 DAGs
[2026-01-13T00:13:28.829+0000] {logging_mixin.py:188} INFO - [2026-01-13T00:13:28.829+0000] {dag.py:3954} INFO - Setting next_dagrun for novaretail_etl_pipeline to None, run_after=None
[2026-01-13T00:13:28.872+0000] {processor.py:183} INFO - Processing /opt/airflow/dags/novareatil_etl_dag.py took 0.163 seconds
[2026-01-13T00:14:02.166+0000] {processor.py:161} INFO - Started process (PID=2259) to work on /opt/airflow/dags/novareatil_etl_dag.py
[2026-01-13T00:14:02.177+0000] {processor.py:830} INFO - Processing file /opt/airflow/dags/novareatil_etl_dag.py for tasks to queue
[2026-01-13T00:14:02.183+0000] {logging_mixin.py:188} INFO - [2026-01-13T00:14:02.180+0000] {dagbag.py:540} INFO - Filling up the DagBag from /opt/airflow/dags/novareatil_etl_dag.py
[2026-01-13T00:14:02.250+0000] {processor.py:840} INFO - DAG(s) 'novaretail_etl_pipeline' retrieved from /opt/airflow/dags/novareatil_etl_dag.py
[2026-01-13T00:14:02.282+0000] {logging_mixin.py:188} INFO - [2026-01-13T00:14:02.282+0000] {dag.py:3096} INFO - Sync 1 DAGs
[2026-01-13T00:14:02.296+0000] {logging_mixin.py:188} INFO - [2026-01-13T00:14:02.296+0000] {dag.py:3954} INFO - Setting next_dagrun for novaretail_etl_pipeline to None, run_after=None
[2026-01-13T00:14:02.315+0000] {processor.py:183} INFO - Processing /opt/airflow/dags/novareatil_etl_dag.py took 0.238 seconds
[2026-01-13T00:14:35.632+0000] {processor.py:161} INFO - Started process (PID=2264) to work on /opt/airflow/dags/novareatil_etl_dag.py
[2026-01-13T00:14:35.633+0000] {processor.py:830} INFO - Processing file /opt/airflow/dags/novareatil_etl_dag.py for tasks to queue
[2026-01-13T00:14:35.634+0000] {logging_mixin.py:188} INFO - [2026-01-13T00:14:35.633+0000] {dagbag.py:540} INFO - Filling up the DagBag from /opt/airflow/dags/novareatil_etl_dag.py
[2026-01-13T00:14:35.655+0000] {processor.py:840} INFO - DAG(s) 'novaretail_etl_pipeline' retrieved from /opt/airflow/dags/novareatil_etl_dag.py
[2026-01-13T00:14:35.689+0000] {logging_mixin.py:188} INFO - [2026-01-13T00:14:35.689+0000] {dag.py:3096} INFO - Sync 1 DAGs
[2026-01-13T00:14:35.704+0000] {logging_mixin.py:188} INFO - [2026-01-13T00:14:35.704+0000] {dag.py:3954} INFO - Setting next_dagrun for novaretail_etl_pipeline to None, run_after=None
[2026-01-13T00:14:35.724+0000] {processor.py:183} INFO - Processing /opt/airflow/dags/novareatil_etl_dag.py took 0.098 seconds
[2026-01-13T00:15:07.806+0000] {processor.py:161} INFO - Started process (PID=2269) to work on /opt/airflow/dags/novareatil_etl_dag.py
[2026-01-13T00:15:07.807+0000] {processor.py:830} INFO - Processing file /opt/airflow/dags/novareatil_etl_dag.py for tasks to queue
[2026-01-13T00:15:07.808+0000] {logging_mixin.py:188} INFO - [2026-01-13T00:15:07.807+0000] {dagbag.py:540} INFO - Filling up the DagBag from /opt/airflow/dags/novareatil_etl_dag.py
[2026-01-13T00:15:07.827+0000] {processor.py:840} INFO - DAG(s) 'novaretail_etl_pipeline' retrieved from /opt/airflow/dags/novareatil_etl_dag.py
[2026-01-13T00:15:07.858+0000] {logging_mixin.py:188} INFO - [2026-01-13T00:15:07.858+0000] {dag.py:3096} INFO - Sync 1 DAGs
[2026-01-13T00:15:07.874+0000] {logging_mixin.py:188} INFO - [2026-01-13T00:15:07.873+0000] {dag.py:3954} INFO - Setting next_dagrun for novaretail_etl_pipeline to None, run_after=None
[2026-01-13T00:15:07.897+0000] {processor.py:183} INFO - Processing /opt/airflow/dags/novareatil_etl_dag.py took 0.096 seconds
[2026-01-13T00:15:40.819+0000] {processor.py:161} INFO - Started process (PID=2274) to work on /opt/airflow/dags/novareatil_etl_dag.py
[2026-01-13T00:15:40.820+0000] {processor.py:830} INFO - Processing file /opt/airflow/dags/novareatil_etl_dag.py for tasks to queue
[2026-01-13T00:15:40.821+0000] {logging_mixin.py:188} INFO - [2026-01-13T00:15:40.821+0000] {dagbag.py:540} INFO - Filling up the DagBag from /opt/airflow/dags/novareatil_etl_dag.py
[2026-01-13T00:15:40.842+0000] {processor.py:840} INFO - DAG(s) 'novaretail_etl_pipeline' retrieved from /opt/airflow/dags/novareatil_etl_dag.py
[2026-01-13T00:15:40.878+0000] {logging_mixin.py:188} INFO - [2026-01-13T00:15:40.878+0000] {dag.py:3096} INFO - Sync 1 DAGs
[2026-01-13T00:15:40.894+0000] {logging_mixin.py:188} INFO - [2026-01-13T00:15:40.893+0000] {dag.py:3954} INFO - Setting next_dagrun for novaretail_etl_pipeline to None, run_after=None
[2026-01-13T00:15:40.913+0000] {processor.py:183} INFO - Processing /opt/airflow/dags/novareatil_etl_dag.py took 0.101 seconds
[2026-01-13T00:16:14.223+0000] {processor.py:161} INFO - Started process (PID=2279) to work on /opt/airflow/dags/novareatil_etl_dag.py
[2026-01-13T00:16:14.225+0000] {processor.py:830} INFO - Processing file /opt/airflow/dags/novareatil_etl_dag.py for tasks to queue
[2026-01-13T00:16:14.226+0000] {logging_mixin.py:188} INFO - [2026-01-13T00:16:14.226+0000] {dagbag.py:540} INFO - Filling up the DagBag from /opt/airflow/dags/novareatil_etl_dag.py
[2026-01-13T00:16:14.252+0000] {processor.py:840} INFO - DAG(s) 'novaretail_etl_pipeline' retrieved from /opt/airflow/dags/novareatil_etl_dag.py
[2026-01-13T00:16:14.285+0000] {logging_mixin.py:188} INFO - [2026-01-13T00:16:14.285+0000] {dag.py:3096} INFO - Sync 1 DAGs
[2026-01-13T00:16:14.300+0000] {logging_mixin.py:188} INFO - [2026-01-13T00:16:14.300+0000] {dag.py:3954} INFO - Setting next_dagrun for novaretail_etl_pipeline to None, run_after=None
[2026-01-13T00:16:14.324+0000] {processor.py:183} INFO - Processing /opt/airflow/dags/novareatil_etl_dag.py took 0.106 seconds
[2026-01-13T00:16:47.519+0000] {processor.py:161} INFO - Started process (PID=2284) to work on /opt/airflow/dags/novareatil_etl_dag.py
[2026-01-13T00:16:47.520+0000] {processor.py:830} INFO - Processing file /opt/airflow/dags/novareatil_etl_dag.py for tasks to queue
[2026-01-13T00:16:47.521+0000] {logging_mixin.py:188} INFO - [2026-01-13T00:16:47.521+0000] {dagbag.py:540} INFO - Filling up the DagBag from /opt/airflow/dags/novareatil_etl_dag.py
[2026-01-13T00:16:47.551+0000] {processor.py:840} INFO - DAG(s) 'novaretail_etl_pipeline' retrieved from /opt/airflow/dags/novareatil_etl_dag.py
[2026-01-13T00:16:47.582+0000] {logging_mixin.py:188} INFO - [2026-01-13T00:16:47.582+0000] {dag.py:3096} INFO - Sync 1 DAGs
[2026-01-13T00:16:47.601+0000] {logging_mixin.py:188} INFO - [2026-01-13T00:16:47.600+0000] {dag.py:3954} INFO - Setting next_dagrun for novaretail_etl_pipeline to None, run_after=None
[2026-01-13T00:16:47.621+0000] {processor.py:183} INFO - Processing /opt/airflow/dags/novareatil_etl_dag.py took 0.111 seconds
[2026-01-13T00:17:20.834+0000] {processor.py:161} INFO - Started process (PID=2289) to work on /opt/airflow/dags/novareatil_etl_dag.py
[2026-01-13T00:17:20.836+0000] {processor.py:830} INFO - Processing file /opt/airflow/dags/novareatil_etl_dag.py for tasks to queue
[2026-01-13T00:17:20.838+0000] {logging_mixin.py:188} INFO - [2026-01-13T00:17:20.837+0000] {dagbag.py:540} INFO - Filling up the DagBag from /opt/airflow/dags/novareatil_etl_dag.py
[2026-01-13T00:17:20.866+0000] {processor.py:840} INFO - DAG(s) 'novaretail_etl_pipeline' retrieved from /opt/airflow/dags/novareatil_etl_dag.py
[2026-01-13T00:17:20.927+0000] {logging_mixin.py:188} INFO - [2026-01-13T00:17:20.927+0000] {dag.py:3096} INFO - Sync 1 DAGs
[2026-01-13T00:17:20.952+0000] {logging_mixin.py:188} INFO - [2026-01-13T00:17:20.952+0000] {dag.py:3954} INFO - Setting next_dagrun for novaretail_etl_pipeline to None, run_after=None
[2026-01-13T00:17:20.988+0000] {processor.py:183} INFO - Processing /opt/airflow/dags/novareatil_etl_dag.py took 0.162 seconds
[2026-01-13T00:17:53.784+0000] {processor.py:161} INFO - Started process (PID=2294) to work on /opt/airflow/dags/novareatil_etl_dag.py
[2026-01-13T00:17:53.786+0000] {processor.py:830} INFO - Processing file /opt/airflow/dags/novareatil_etl_dag.py for tasks to queue
[2026-01-13T00:17:53.787+0000] {logging_mixin.py:188} INFO - [2026-01-13T00:17:53.787+0000] {dagbag.py:540} INFO - Filling up the DagBag from /opt/airflow/dags/novareatil_etl_dag.py
[2026-01-13T00:17:53.818+0000] {processor.py:840} INFO - DAG(s) 'novaretail_etl_pipeline' retrieved from /opt/airflow/dags/novareatil_etl_dag.py
[2026-01-13T00:17:53.860+0000] {logging_mixin.py:188} INFO - [2026-01-13T00:17:53.860+0000] {dag.py:3096} INFO - Sync 1 DAGs
[2026-01-13T00:17:53.884+0000] {logging_mixin.py:188} INFO - [2026-01-13T00:17:53.884+0000] {dag.py:3954} INFO - Setting next_dagrun for novaretail_etl_pipeline to None, run_after=None
[2026-01-13T00:17:53.905+0000] {processor.py:183} INFO - Processing /opt/airflow/dags/novareatil_etl_dag.py took 0.128 seconds
[2026-01-13T00:18:24.180+0000] {processor.py:161} INFO - Started process (PID=2299) to work on /opt/airflow/dags/novareatil_etl_dag.py
[2026-01-13T00:18:24.181+0000] {processor.py:830} INFO - Processing file /opt/airflow/dags/novareatil_etl_dag.py for tasks to queue
[2026-01-13T00:18:24.183+0000] {logging_mixin.py:188} INFO - [2026-01-13T00:18:24.182+0000] {dagbag.py:540} INFO - Filling up the DagBag from /opt/airflow/dags/novareatil_etl_dag.py
[2026-01-13T00:18:24.207+0000] {processor.py:840} INFO - DAG(s) 'novaretail_etl_pipeline' retrieved from /opt/airflow/dags/novareatil_etl_dag.py
[2026-01-13T00:18:24.245+0000] {logging_mixin.py:188} INFO - [2026-01-13T00:18:24.245+0000] {dag.py:3096} INFO - Sync 1 DAGs
[2026-01-13T00:18:26.286+0000] {logging_mixin.py:188} INFO - [2026-01-13T00:18:26.286+0000] {dag.py:3954} INFO - Setting next_dagrun for novaretail_etl_pipeline to None, run_after=None
[2026-01-13T00:18:26.312+0000] {processor.py:183} INFO - Processing /opt/airflow/dags/novareatil_etl_dag.py took 0.114 seconds
[2026-01-13T00:19:00.127+0000] {processor.py:161} INFO - Started process (PID=2304) to work on /opt/airflow/dags/novareatil_etl_dag.py
[2026-01-13T00:19:00.129+0000] {processor.py:830} INFO - Processing file /opt/airflow/dags/novareatil_etl_dag.py for tasks to queue
[2026-01-13T00:19:00.130+0000] {logging_mixin.py:188} INFO - [2026-01-13T00:19:00.129+0000] {dagbag.py:540} INFO - Filling up the DagBag from /opt/airflow/dags/novareatil_etl_dag.py
[2026-01-13T00:19:00.152+0000] {processor.py:840} INFO - DAG(s) 'novaretail_etl_pipeline' retrieved from /opt/airflow/dags/novareatil_etl_dag.py
[2026-01-13T00:19:00.184+0000] {logging_mixin.py:188} INFO - [2026-01-13T00:19:00.184+0000] {dag.py:3096} INFO - Sync 1 DAGs
[2026-01-13T00:19:00.203+0000] {logging_mixin.py:188} INFO - [2026-01-13T00:19:00.203+0000] {dag.py:3954} INFO - Setting next_dagrun for novaretail_etl_pipeline to None, run_after=None
[2026-01-13T00:19:00.227+0000] {processor.py:183} INFO - Processing /opt/airflow/dags/novareatil_etl_dag.py took 0.105 seconds
[2026-01-13T00:19:30.475+0000] {processor.py:161} INFO - Started process (PID=2309) to work on /opt/airflow/dags/novareatil_etl_dag.py
[2026-01-13T00:19:30.477+0000] {processor.py:830} INFO - Processing file /opt/airflow/dags/novareatil_etl_dag.py for tasks to queue
[2026-01-13T00:19:30.477+0000] {logging_mixin.py:188} INFO - [2026-01-13T00:19:30.477+0000] {dagbag.py:540} INFO - Filling up the DagBag from /opt/airflow/dags/novareatil_etl_dag.py
[2026-01-13T00:19:32.523+0000] {processor.py:840} INFO - DAG(s) 'novaretail_etl_pipeline' retrieved from /opt/airflow/dags/novareatil_etl_dag.py
[2026-01-13T00:19:32.568+0000] {logging_mixin.py:188} INFO - [2026-01-13T00:19:32.568+0000] {dag.py:3096} INFO - Sync 1 DAGs
[2026-01-13T00:19:32.585+0000] {logging_mixin.py:188} INFO - [2026-01-13T00:19:32.585+0000] {dag.py:3954} INFO - Setting next_dagrun for novaretail_etl_pipeline to None, run_after=None
[2026-01-13T00:19:32.635+0000] {processor.py:183} INFO - Processing /opt/airflow/dags/novareatil_etl_dag.py took 0.146 seconds
[2026-01-13T00:20:05.867+0000] {processor.py:161} INFO - Started process (PID=2314) to work on /opt/airflow/dags/novareatil_etl_dag.py
[2026-01-13T00:20:05.872+0000] {processor.py:830} INFO - Processing file /opt/airflow/dags/novareatil_etl_dag.py for tasks to queue
[2026-01-13T00:20:05.874+0000] {logging_mixin.py:188} INFO - [2026-01-13T00:20:05.873+0000] {dagbag.py:540} INFO - Filling up the DagBag from /opt/airflow/dags/novareatil_etl_dag.py
[2026-01-13T00:20:05.947+0000] {processor.py:840} INFO - DAG(s) 'novaretail_etl_pipeline' retrieved from /opt/airflow/dags/novareatil_etl_dag.py
[2026-01-13T00:20:06.037+0000] {logging_mixin.py:188} INFO - [2026-01-13T00:20:06.036+0000] {dag.py:3096} INFO - Sync 1 DAGs
[2026-01-13T00:20:06.067+0000] {logging_mixin.py:188} INFO - [2026-01-13T00:20:06.067+0000] {dag.py:3954} INFO - Setting next_dagrun for novaretail_etl_pipeline to None, run_after=None
[2026-01-13T00:20:06.124+0000] {processor.py:183} INFO - Processing /opt/airflow/dags/novareatil_etl_dag.py took 0.276 seconds
[2026-01-13T00:20:39.341+0000] {processor.py:161} INFO - Started process (PID=2319) to work on /opt/airflow/dags/novareatil_etl_dag.py
[2026-01-13T00:20:39.343+0000] {processor.py:830} INFO - Processing file /opt/airflow/dags/novareatil_etl_dag.py for tasks to queue
[2026-01-13T00:20:39.344+0000] {logging_mixin.py:188} INFO - [2026-01-13T00:20:39.344+0000] {dagbag.py:540} INFO - Filling up the DagBag from /opt/airflow/dags/novareatil_etl_dag.py
[2026-01-13T00:20:39.368+0000] {processor.py:840} INFO - DAG(s) 'novaretail_etl_pipeline' retrieved from /opt/airflow/dags/novareatil_etl_dag.py
[2026-01-13T00:20:39.405+0000] {logging_mixin.py:188} INFO - [2026-01-13T00:20:39.404+0000] {dag.py:3096} INFO - Sync 1 DAGs
[2026-01-13T00:20:39.424+0000] {logging_mixin.py:188} INFO - [2026-01-13T00:20:39.424+0000] {dag.py:3954} INFO - Setting next_dagrun for novaretail_etl_pipeline to None, run_after=None
[2026-01-13T00:20:39.452+0000] {processor.py:183} INFO - Processing /opt/airflow/dags/novareatil_etl_dag.py took 0.136 seconds
[2026-01-13T00:21:09.918+0000] {processor.py:161} INFO - Started process (PID=2324) to work on /opt/airflow/dags/novareatil_etl_dag.py
[2026-01-13T00:21:11.951+0000] {processor.py:830} INFO - Processing file /opt/airflow/dags/novareatil_etl_dag.py for tasks to queue
[2026-01-13T00:21:11.955+0000] {logging_mixin.py:188} INFO - [2026-01-13T00:21:11.953+0000] {dagbag.py:540} INFO - Filling up the DagBag from /opt/airflow/dags/novareatil_etl_dag.py
[2026-01-13T00:21:12.005+0000] {processor.py:840} INFO - DAG(s) 'novaretail_etl_pipeline' retrieved from /opt/airflow/dags/novareatil_etl_dag.py
[2026-01-13T00:21:12.070+0000] {logging_mixin.py:188} INFO - [2026-01-13T00:21:12.069+0000] {dag.py:3096} INFO - Sync 1 DAGs
[2026-01-13T00:21:12.102+0000] {logging_mixin.py:188} INFO - [2026-01-13T00:21:12.101+0000] {dag.py:3954} INFO - Setting next_dagrun for novaretail_etl_pipeline to None, run_after=None
[2026-01-13T00:21:12.141+0000] {processor.py:183} INFO - Processing /opt/airflow/dags/novareatil_etl_dag.py took 0.263 seconds
[2026-01-13T00:21:45.243+0000] {processor.py:161} INFO - Started process (PID=2329) to work on /opt/airflow/dags/novareatil_etl_dag.py
[2026-01-13T00:21:45.245+0000] {processor.py:830} INFO - Processing file /opt/airflow/dags/novareatil_etl_dag.py for tasks to queue
[2026-01-13T00:21:45.247+0000] {logging_mixin.py:188} INFO - [2026-01-13T00:21:45.246+0000] {dagbag.py:540} INFO - Filling up the DagBag from /opt/airflow/dags/novareatil_etl_dag.py
[2026-01-13T00:21:45.276+0000] {processor.py:840} INFO - DAG(s) 'novaretail_etl_pipeline' retrieved from /opt/airflow/dags/novareatil_etl_dag.py
[2026-01-13T00:21:45.359+0000] {logging_mixin.py:188} INFO - [2026-01-13T00:21:45.358+0000] {dag.py:3096} INFO - Sync 1 DAGs
[2026-01-13T00:21:45.390+0000] {logging_mixin.py:188} INFO - [2026-01-13T00:21:45.390+0000] {dag.py:3954} INFO - Setting next_dagrun for novaretail_etl_pipeline to None, run_after=None
[2026-01-13T00:21:45.424+0000] {processor.py:183} INFO - Processing /opt/airflow/dags/novareatil_etl_dag.py took 0.200 seconds
[2026-01-13T00:22:18.786+0000] {processor.py:161} INFO - Started process (PID=2334) to work on /opt/airflow/dags/novareatil_etl_dag.py
[2026-01-13T00:22:18.804+0000] {processor.py:830} INFO - Processing file /opt/airflow/dags/novareatil_etl_dag.py for tasks to queue
[2026-01-13T00:22:18.812+0000] {logging_mixin.py:188} INFO - [2026-01-13T00:22:18.809+0000] {dagbag.py:540} INFO - Filling up the DagBag from /opt/airflow/dags/novareatil_etl_dag.py
[2026-01-13T00:22:19.104+0000] {processor.py:840} INFO - DAG(s) 'novaretail_etl_pipeline' retrieved from /opt/airflow/dags/novareatil_etl_dag.py
[2026-01-13T00:22:19.268+0000] {logging_mixin.py:188} INFO - [2026-01-13T00:22:19.267+0000] {dag.py:3096} INFO - Sync 1 DAGs
[2026-01-13T00:22:19.386+0000] {logging_mixin.py:188} INFO - [2026-01-13T00:22:19.386+0000] {dag.py:3954} INFO - Setting next_dagrun for novaretail_etl_pipeline to None, run_after=None
[2026-01-13T00:22:19.583+0000] {processor.py:183} INFO - Processing /opt/airflow/dags/novareatil_etl_dag.py took 0.882 seconds
[2026-01-13T00:22:52.101+0000] {processor.py:161} INFO - Started process (PID=2339) to work on /opt/airflow/dags/novareatil_etl_dag.py
[2026-01-13T00:22:52.103+0000] {processor.py:830} INFO - Processing file /opt/airflow/dags/novareatil_etl_dag.py for tasks to queue
[2026-01-13T00:22:52.105+0000] {logging_mixin.py:188} INFO - [2026-01-13T00:22:52.105+0000] {dagbag.py:540} INFO - Filling up the DagBag from /opt/airflow/dags/novareatil_etl_dag.py
[2026-01-13T00:22:52.135+0000] {processor.py:840} INFO - DAG(s) 'novaretail_etl_pipeline' retrieved from /opt/airflow/dags/novareatil_etl_dag.py
[2026-01-13T00:22:52.196+0000] {logging_mixin.py:188} INFO - [2026-01-13T00:22:52.196+0000] {dag.py:3096} INFO - Sync 1 DAGs
[2026-01-13T00:22:52.224+0000] {logging_mixin.py:188} INFO - [2026-01-13T00:22:52.224+0000] {dag.py:3954} INFO - Setting next_dagrun for novaretail_etl_pipeline to None, run_after=None
[2026-01-13T00:22:52.250+0000] {processor.py:183} INFO - Processing /opt/airflow/dags/novareatil_etl_dag.py took 0.157 seconds
[2026-01-13T00:23:24.644+0000] {processor.py:161} INFO - Started process (PID=2344) to work on /opt/airflow/dags/novareatil_etl_dag.py
[2026-01-13T00:23:24.645+0000] {processor.py:830} INFO - Processing file /opt/airflow/dags/novareatil_etl_dag.py for tasks to queue
[2026-01-13T00:23:24.647+0000] {logging_mixin.py:188} INFO - [2026-01-13T00:23:24.646+0000] {dagbag.py:540} INFO - Filling up the DagBag from /opt/airflow/dags/novareatil_etl_dag.py
[2026-01-13T00:23:24.673+0000] {processor.py:840} INFO - DAG(s) 'novaretail_etl_pipeline' retrieved from /opt/airflow/dags/novareatil_etl_dag.py
[2026-01-13T00:23:24.710+0000] {logging_mixin.py:188} INFO - [2026-01-13T00:23:24.710+0000] {dag.py:3096} INFO - Sync 1 DAGs
[2026-01-13T00:23:24.725+0000] {logging_mixin.py:188} INFO - [2026-01-13T00:23:24.725+0000] {dag.py:3954} INFO - Setting next_dagrun for novaretail_etl_pipeline to None, run_after=None
[2026-01-13T00:23:24.748+0000] {processor.py:183} INFO - Processing /opt/airflow/dags/novareatil_etl_dag.py took 0.121 seconds
[2026-01-13T00:23:57.988+0000] {processor.py:161} INFO - Started process (PID=2349) to work on /opt/airflow/dags/novareatil_etl_dag.py
[2026-01-13T00:23:57.989+0000] {processor.py:830} INFO - Processing file /opt/airflow/dags/novareatil_etl_dag.py for tasks to queue
[2026-01-13T00:23:57.990+0000] {logging_mixin.py:188} INFO - [2026-01-13T00:23:57.990+0000] {dagbag.py:540} INFO - Filling up the DagBag from /opt/airflow/dags/novareatil_etl_dag.py
[2026-01-13T00:23:58.035+0000] {processor.py:840} INFO - DAG(s) 'novaretail_etl_pipeline' retrieved from /opt/airflow/dags/novareatil_etl_dag.py
[2026-01-13T00:23:58.081+0000] {logging_mixin.py:188} INFO - [2026-01-13T00:23:58.081+0000] {dag.py:3096} INFO - Sync 1 DAGs
[2026-01-13T00:23:58.101+0000] {logging_mixin.py:188} INFO - [2026-01-13T00:23:58.101+0000] {dag.py:3954} INFO - Setting next_dagrun for novaretail_etl_pipeline to None, run_after=None
[2026-01-13T00:23:58.131+0000] {processor.py:183} INFO - Processing /opt/airflow/dags/novareatil_etl_dag.py took 0.153 seconds
[2026-01-13T00:24:31.435+0000] {processor.py:161} INFO - Started process (PID=2354) to work on /opt/airflow/dags/novareatil_etl_dag.py
[2026-01-13T00:24:31.436+0000] {processor.py:830} INFO - Processing file /opt/airflow/dags/novareatil_etl_dag.py for tasks to queue
[2026-01-13T00:24:31.438+0000] {logging_mixin.py:188} INFO - [2026-01-13T00:24:31.438+0000] {dagbag.py:540} INFO - Filling up the DagBag from /opt/airflow/dags/novareatil_etl_dag.py
[2026-01-13T00:24:31.475+0000] {processor.py:840} INFO - DAG(s) 'novaretail_etl_pipeline' retrieved from /opt/airflow/dags/novareatil_etl_dag.py
[2026-01-13T00:24:31.529+0000] {logging_mixin.py:188} INFO - [2026-01-13T00:24:31.528+0000] {dag.py:3096} INFO - Sync 1 DAGs
[2026-01-13T00:24:31.545+0000] {logging_mixin.py:188} INFO - [2026-01-13T00:24:31.545+0000] {dag.py:3954} INFO - Setting next_dagrun for novaretail_etl_pipeline to None, run_after=None
[2026-01-13T00:24:31.565+0000] {processor.py:183} INFO - Processing /opt/airflow/dags/novareatil_etl_dag.py took 0.137 seconds
[2026-01-13T00:25:05.094+0000] {processor.py:161} INFO - Started process (PID=2359) to work on /opt/airflow/dags/novareatil_etl_dag.py
[2026-01-13T00:25:05.097+0000] {processor.py:830} INFO - Processing file /opt/airflow/dags/novareatil_etl_dag.py for tasks to queue
[2026-01-13T00:25:05.102+0000] {logging_mixin.py:188} INFO - [2026-01-13T00:25:05.100+0000] {dagbag.py:540} INFO - Filling up the DagBag from /opt/airflow/dags/novareatil_etl_dag.py
[2026-01-13T00:25:05.161+0000] {processor.py:840} INFO - DAG(s) 'novaretail_etl_pipeline' retrieved from /opt/airflow/dags/novareatil_etl_dag.py
[2026-01-13T00:25:05.214+0000] {logging_mixin.py:188} INFO - [2026-01-13T00:25:05.213+0000] {dag.py:3096} INFO - Sync 1 DAGs
[2026-01-13T00:25:05.233+0000] {logging_mixin.py:188} INFO - [2026-01-13T00:25:05.233+0000] {dag.py:3954} INFO - Setting next_dagrun for novaretail_etl_pipeline to None, run_after=None
[2026-01-13T00:25:05.261+0000] {processor.py:183} INFO - Processing /opt/airflow/dags/novareatil_etl_dag.py took 0.181 seconds
[2026-01-13T00:25:39.179+0000] {processor.py:161} INFO - Started process (PID=2364) to work on /opt/airflow/dags/novareatil_etl_dag.py
[2026-01-13T00:25:39.218+0000] {processor.py:830} INFO - Processing file /opt/airflow/dags/novareatil_etl_dag.py for tasks to queue
[2026-01-13T00:25:39.234+0000] {logging_mixin.py:188} INFO - [2026-01-13T00:25:39.232+0000] {dagbag.py:540} INFO - Filling up the DagBag from /opt/airflow/dags/novareatil_etl_dag.py
[2026-01-13T00:25:39.500+0000] {processor.py:840} INFO - DAG(s) 'novaretail_etl_pipeline' retrieved from /opt/airflow/dags/novareatil_etl_dag.py
[2026-01-13T00:25:39.595+0000] {logging_mixin.py:188} INFO - [2026-01-13T00:25:39.593+0000] {dag.py:3096} INFO - Sync 1 DAGs
[2026-01-13T00:25:39.641+0000] {logging_mixin.py:188} INFO - [2026-01-13T00:25:39.641+0000] {dag.py:3954} INFO - Setting next_dagrun for novaretail_etl_pipeline to None, run_after=None
[2026-01-13T00:25:39.707+0000] {processor.py:183} INFO - Processing /opt/airflow/dags/novareatil_etl_dag.py took 0.762 seconds
[2026-01-13T00:26:10.865+0000] {processor.py:161} INFO - Started process (PID=2369) to work on /opt/airflow/dags/novareatil_etl_dag.py
[2026-01-13T00:26:10.867+0000] {processor.py:830} INFO - Processing file /opt/airflow/dags/novareatil_etl_dag.py for tasks to queue
[2026-01-13T00:26:10.868+0000] {logging_mixin.py:188} INFO - [2026-01-13T00:26:10.868+0000] {dagbag.py:540} INFO - Filling up the DagBag from /opt/airflow/dags/novareatil_etl_dag.py
[2026-01-13T00:26:11.023+0000] {processor.py:840} INFO - DAG(s) 'novaretail_etl_pipeline' retrieved from /opt/airflow/dags/novareatil_etl_dag.py
[2026-01-13T00:26:11.171+0000] {logging_mixin.py:188} INFO - [2026-01-13T00:26:11.170+0000] {dag.py:3096} INFO - Sync 1 DAGs
[2026-01-13T00:26:11.239+0000] {logging_mixin.py:188} INFO - [2026-01-13T00:26:11.239+0000] {dag.py:3954} INFO - Setting next_dagrun for novaretail_etl_pipeline to None, run_after=None
[2026-01-13T00:26:11.280+0000] {processor.py:183} INFO - Processing /opt/airflow/dags/novareatil_etl_dag.py took 0.436 seconds
[2026-01-13T00:26:44.493+0000] {processor.py:161} INFO - Started process (PID=2374) to work on /opt/airflow/dags/novareatil_etl_dag.py
[2026-01-13T00:26:44.494+0000] {processor.py:830} INFO - Processing file /opt/airflow/dags/novareatil_etl_dag.py for tasks to queue
[2026-01-13T00:26:44.496+0000] {logging_mixin.py:188} INFO - [2026-01-13T00:26:44.495+0000] {dagbag.py:540} INFO - Filling up the DagBag from /opt/airflow/dags/novareatil_etl_dag.py
[2026-01-13T00:26:44.517+0000] {processor.py:840} INFO - DAG(s) 'novaretail_etl_pipeline' retrieved from /opt/airflow/dags/novareatil_etl_dag.py
[2026-01-13T00:26:44.564+0000] {logging_mixin.py:188} INFO - [2026-01-13T00:26:44.563+0000] {dag.py:3096} INFO - Sync 1 DAGs
[2026-01-13T00:26:44.583+0000] {logging_mixin.py:188} INFO - [2026-01-13T00:26:44.583+0000] {dag.py:3954} INFO - Setting next_dagrun for novaretail_etl_pipeline to None, run_after=None
[2026-01-13T00:26:44.603+0000] {processor.py:183} INFO - Processing /opt/airflow/dags/novareatil_etl_dag.py took 0.115 seconds
[2026-01-13T00:27:17.084+0000] {processor.py:161} INFO - Started process (PID=2379) to work on /opt/airflow/dags/novareatil_etl_dag.py
[2026-01-13T00:27:17.087+0000] {processor.py:830} INFO - Processing file /opt/airflow/dags/novareatil_etl_dag.py for tasks to queue
[2026-01-13T00:27:17.090+0000] {logging_mixin.py:188} INFO - [2026-01-13T00:27:17.089+0000] {dagbag.py:540} INFO - Filling up the DagBag from /opt/airflow/dags/novareatil_etl_dag.py
[2026-01-13T00:27:17.134+0000] {processor.py:840} INFO - DAG(s) 'novaretail_etl_pipeline' retrieved from /opt/airflow/dags/novareatil_etl_dag.py
[2026-01-13T00:27:17.206+0000] {logging_mixin.py:188} INFO - [2026-01-13T00:27:17.206+0000] {dag.py:3096} INFO - Sync 1 DAGs
[2026-01-13T00:27:17.249+0000] {logging_mixin.py:188} INFO - [2026-01-13T00:27:17.248+0000] {dag.py:3954} INFO - Setting next_dagrun for novaretail_etl_pipeline to None, run_after=None
[2026-01-13T00:27:17.294+0000] {processor.py:183} INFO - Processing /opt/airflow/dags/novareatil_etl_dag.py took 0.230 seconds
[2026-01-13T00:27:50.471+0000] {processor.py:161} INFO - Started process (PID=2384) to work on /opt/airflow/dags/novareatil_etl_dag.py
[2026-01-13T00:27:50.474+0000] {processor.py:830} INFO - Processing file /opt/airflow/dags/novareatil_etl_dag.py for tasks to queue
[2026-01-13T00:27:50.476+0000] {logging_mixin.py:188} INFO - [2026-01-13T00:27:50.475+0000] {dagbag.py:540} INFO - Filling up the DagBag from /opt/airflow/dags/novareatil_etl_dag.py
[2026-01-13T00:27:50.516+0000] {processor.py:840} INFO - DAG(s) 'novaretail_etl_pipeline' retrieved from /opt/airflow/dags/novareatil_etl_dag.py
[2026-01-13T00:27:50.588+0000] {logging_mixin.py:188} INFO - [2026-01-13T00:27:50.588+0000] {dag.py:3096} INFO - Sync 1 DAGs
[2026-01-13T00:27:50.622+0000] {logging_mixin.py:188} INFO - [2026-01-13T00:27:50.622+0000] {dag.py:3954} INFO - Setting next_dagrun for novaretail_etl_pipeline to None, run_after=None
[2026-01-13T00:27:50.661+0000] {processor.py:183} INFO - Processing /opt/airflow/dags/novareatil_etl_dag.py took 0.229 seconds
