[2026-01-12T23:21:38.675+0000] {local_task_job_runner.py:120} INFO - ::group::Pre task execution logs
[2026-01-12T23:21:38.743+0000] {taskinstance.py:2073} INFO - Dependencies all met for dep_context=non-requeueable deps ti=<TaskInstance: novaretail_etl_pipeline.transform_clientes manual__2026-01-12T23:19:21.007354+00:00 [queued]>
[2026-01-12T23:21:38.767+0000] {taskinstance.py:2073} INFO - Dependencies all met for dep_context=requeueable deps ti=<TaskInstance: novaretail_etl_pipeline.transform_clientes manual__2026-01-12T23:19:21.007354+00:00 [queued]>
[2026-01-12T23:21:38.769+0000] {taskinstance.py:2303} INFO - Starting attempt 1 of 3
[2026-01-12T23:21:38.805+0000] {taskinstance.py:2327} INFO - Executing <Task(BashOperator): transform_clientes> on 2026-01-12 23:19:21.007354+00:00
[2026-01-12T23:21:38.832+0000] {logging_mixin.py:188} WARNING - /home/***/.local/lib/python3.12/site-packages/***/task/task_runner/standard_task_runner.py:61 DeprecationWarning: This process (pid=1217) is multi-threaded, use of fork() may lead to deadlocks in the child.
[2026-01-12T23:21:38.834+0000] {standard_task_runner.py:63} INFO - Started process 1221 to run task
[2026-01-12T23:21:38.830+0000] {standard_task_runner.py:90} INFO - Running: ['***', 'tasks', 'run', 'novaretail_etl_pipeline', 'transform_clientes', 'manual__2026-01-12T23:19:21.007354+00:00', '--job-id', '60', '--raw', '--subdir', 'DAGS_FOLDER/novareatil_etl_dag.py', '--cfg-path', '/tmp/tmp3qgqjgu4']
[2026-01-12T23:21:38.841+0000] {standard_task_runner.py:91} INFO - Job 60: Subtask transform_clientes
[2026-01-12T23:21:38.973+0000] {task_command.py:426} INFO - Running <TaskInstance: novaretail_etl_pipeline.transform_clientes manual__2026-01-12T23:19:21.007354+00:00 [running]> on host 8812783e36e1
[2026-01-12T23:21:39.110+0000] {taskinstance.py:2644} INFO - Exporting env vars: AIRFLOW_CTX_DAG_OWNER='carlos' AIRFLOW_CTX_DAG_ID='novaretail_etl_pipeline' AIRFLOW_CTX_TASK_ID='transform_clientes' AIRFLOW_CTX_EXECUTION_DATE='2026-01-12T23:19:21.007354+00:00' AIRFLOW_CTX_TRY_NUMBER='1' AIRFLOW_CTX_DAG_RUN_ID='manual__2026-01-12T23:19:21.007354+00:00'
[2026-01-12T23:21:39.114+0000] {taskinstance.py:430} INFO - ::endgroup::
[2026-01-12T23:21:39.144+0000] {subprocess.py:63} INFO - Tmp dir root location: /tmp
[2026-01-12T23:21:39.146+0000] {subprocess.py:75} INFO - Running command: ['/usr/bin/bash', '-c', 'python /opt/***/etl/transform/transform_clientes.py']
[2026-01-12T23:21:39.168+0000] {subprocess.py:86} INFO - Output:
[2026-01-12T23:21:42.065+0000] {subprocess.py:93} INFO - 📥 Leyendo Bronze desde: /opt/***/data/bronze/clientes/load_date=2026-01-12/clientes.parquet
[2026-01-12T23:21:42.068+0000] {subprocess.py:93} INFO - ✅ SILVER clientes generado en: /opt/***/data/silver/clientes/clientes_silver.parquet
[2026-01-12T23:21:42.073+0000] {subprocess.py:93} INFO - Registros transformados: 5000
[2026-01-12T23:21:42.653+0000] {subprocess.py:97} INFO - Command exited with return code 0
[2026-01-12T23:21:42.667+0000] {taskinstance.py:441} INFO - ::group::Post task execution logs
[2026-01-12T23:21:42.858+0000] {taskinstance.py:1205} INFO - Marking task as SUCCESS. dag_id=novaretail_etl_pipeline, task_id=transform_clientes, execution_date=20260112T231921, start_date=20260112T232138, end_date=20260112T232142
[2026-01-12T23:21:42.974+0000] {local_task_job_runner.py:240} INFO - Task exited with return code 0
[2026-01-12T23:21:43.365+0000] {taskinstance.py:3482} INFO - 1 downstream tasks scheduled from follow-on schedule check
[2026-01-12T23:21:43.388+0000] {local_task_job_runner.py:222} INFO - ::endgroup::
