[2026-01-12T23:24:54.708+0000] {local_task_job_runner.py:120} INFO - ::group::Pre task execution logs
[2026-01-12T23:24:54.871+0000] {taskinstance.py:2073} INFO - Dependencies all met for dep_context=non-requeueable deps ti=<TaskInstance: novaretail_etl_pipeline.extract_legacy.extract_pagos manual__2026-01-12T23:24:51.933677+00:00 [queued]>
[2026-01-12T23:24:54.897+0000] {taskinstance.py:2073} INFO - Dependencies all met for dep_context=requeueable deps ti=<TaskInstance: novaretail_etl_pipeline.extract_legacy.extract_pagos manual__2026-01-12T23:24:51.933677+00:00 [queued]>
[2026-01-12T23:24:54.899+0000] {taskinstance.py:2303} INFO - Starting attempt 1 of 3
[2026-01-12T23:24:54.945+0000] {taskinstance.py:2327} INFO - Executing <Task(BashOperator): extract_legacy.extract_pagos> on 2026-01-12 23:24:51.933677+00:00
[2026-01-12T23:24:54.993+0000] {standard_task_runner.py:90} INFO - Running: ['***', 'tasks', 'run', 'novaretail_etl_pipeline', 'extract_legacy.extract_pagos', 'manual__2026-01-12T23:24:51.933677+00:00', '--job-id', '66', '--raw', '--subdir', 'DAGS_FOLDER/novareatil_etl_dag.py', '--cfg-path', '/tmp/tmpxtk3q7zj']
[2026-01-12T23:24:55.037+0000] {logging_mixin.py:188} WARNING - /home/***/.local/lib/python3.12/site-packages/***/task/task_runner/standard_task_runner.py:61 DeprecationWarning: This process (pid=1388) is multi-threaded, use of fork() may lead to deadlocks in the child.
[2026-01-12T23:24:55.040+0000] {standard_task_runner.py:63} INFO - Started process 1390 to run task
[2026-01-12T23:24:55.040+0000] {standard_task_runner.py:91} INFO - Job 66: Subtask extract_legacy.extract_pagos
[2026-01-12T23:24:55.360+0000] {task_command.py:426} INFO - Running <TaskInstance: novaretail_etl_pipeline.extract_legacy.extract_pagos manual__2026-01-12T23:24:51.933677+00:00 [running]> on host 8812783e36e1
[2026-01-12T23:24:56.045+0000] {taskinstance.py:2644} INFO - Exporting env vars: AIRFLOW_CTX_DAG_OWNER='carlos' AIRFLOW_CTX_DAG_ID='novaretail_etl_pipeline' AIRFLOW_CTX_TASK_ID='extract_legacy.extract_pagos' AIRFLOW_CTX_EXECUTION_DATE='2026-01-12T23:24:51.933677+00:00' AIRFLOW_CTX_TRY_NUMBER='1' AIRFLOW_CTX_DAG_RUN_ID='manual__2026-01-12T23:24:51.933677+00:00'
[2026-01-12T23:24:56.048+0000] {taskinstance.py:430} INFO - ::endgroup::
[2026-01-12T23:24:56.126+0000] {subprocess.py:63} INFO - Tmp dir root location: /tmp
[2026-01-12T23:24:56.134+0000] {subprocess.py:75} INFO - Running command: ['/usr/bin/bash', '-c', 'python /opt/***/etl/extract/extract_pagos.py']
[2026-01-12T23:24:56.163+0000] {subprocess.py:86} INFO - Output:
[2026-01-12T23:25:00.639+0000] {subprocess.py:93} INFO - ✔ BRONZE pagos generado en /opt/***/data/bronze/ordenes/load_date=2026-01-12/ordenes.parquet
[2026-01-12T23:25:00.966+0000] {subprocess.py:97} INFO - Command exited with return code 0
[2026-01-12T23:25:00.971+0000] {taskinstance.py:441} INFO - ::group::Post task execution logs
[2026-01-12T23:25:01.046+0000] {taskinstance.py:1205} INFO - Marking task as SUCCESS. dag_id=novaretail_etl_pipeline, task_id=extract_legacy.extract_pagos, execution_date=20260112T232451, start_date=20260112T232454, end_date=20260112T232501
[2026-01-12T23:25:01.118+0000] {local_task_job_runner.py:240} INFO - Task exited with return code 0
[2026-01-12T23:25:01.178+0000] {taskinstance.py:3482} INFO - 0 downstream tasks scheduled from follow-on schedule check
[2026-01-12T23:25:01.182+0000] {local_task_job_runner.py:222} INFO - ::endgroup::
