[2026-01-12T23:25:07.581+0000] {local_task_job_runner.py:120} INFO - ::group::Pre task execution logs
[2026-01-12T23:25:07.649+0000] {taskinstance.py:2073} INFO - Dependencies all met for dep_context=non-requeueable deps ti=<TaskInstance: novaretail_etl_pipeline.gold_kpis.gold_kpi_ordenes manual__2026-01-12T23:24:51.933677+00:00 [queued]>
[2026-01-12T23:25:07.670+0000] {taskinstance.py:2073} INFO - Dependencies all met for dep_context=requeueable deps ti=<TaskInstance: novaretail_etl_pipeline.gold_kpis.gold_kpi_ordenes manual__2026-01-12T23:24:51.933677+00:00 [queued]>
[2026-01-12T23:25:07.672+0000] {taskinstance.py:2303} INFO - Starting attempt 1 of 3
[2026-01-12T23:25:07.709+0000] {taskinstance.py:2327} INFO - Executing <Task(BashOperator): gold_kpis.gold_kpi_ordenes> on 2026-01-12 23:24:51.933677+00:00
[2026-01-12T23:25:07.732+0000] {standard_task_runner.py:90} INFO - Running: ['***', 'tasks', 'run', 'novaretail_etl_pipeline', 'gold_kpis.gold_kpi_ordenes', 'manual__2026-01-12T23:24:51.933677+00:00', '--job-id', '74', '--raw', '--subdir', 'DAGS_FOLDER/novareatil_etl_dag.py', '--cfg-path', '/tmp/tmpw_s1qvb7']
[2026-01-12T23:25:07.739+0000] {logging_mixin.py:188} WARNING - /home/***/.local/lib/python3.12/site-packages/***/task/task_runner/standard_task_runner.py:61 DeprecationWarning: This process (pid=1533) is multi-threaded, use of fork() may lead to deadlocks in the child.
[2026-01-12T23:25:07.743+0000] {standard_task_runner.py:91} INFO - Job 74: Subtask gold_kpis.gold_kpi_ordenes
[2026-01-12T23:25:07.743+0000] {standard_task_runner.py:63} INFO - Started process 1536 to run task
[2026-01-12T23:25:07.869+0000] {task_command.py:426} INFO - Running <TaskInstance: novaretail_etl_pipeline.gold_kpis.gold_kpi_ordenes manual__2026-01-12T23:24:51.933677+00:00 [running]> on host 8812783e36e1
[2026-01-12T23:25:08.160+0000] {taskinstance.py:2644} INFO - Exporting env vars: AIRFLOW_CTX_DAG_OWNER='carlos' AIRFLOW_CTX_DAG_ID='novaretail_etl_pipeline' AIRFLOW_CTX_TASK_ID='gold_kpis.gold_kpi_ordenes' AIRFLOW_CTX_EXECUTION_DATE='2026-01-12T23:24:51.933677+00:00' AIRFLOW_CTX_TRY_NUMBER='1' AIRFLOW_CTX_DAG_RUN_ID='manual__2026-01-12T23:24:51.933677+00:00'
[2026-01-12T23:25:08.166+0000] {taskinstance.py:430} INFO - ::endgroup::
[2026-01-12T23:25:08.229+0000] {subprocess.py:63} INFO - Tmp dir root location: /tmp
[2026-01-12T23:25:08.238+0000] {subprocess.py:75} INFO - Running command: ['/usr/bin/bash', '-c', 'python /opt/***/etl/gold/gold_kpi_ordenes.py']
[2026-01-12T23:25:08.271+0000] {subprocess.py:86} INFO - Output:
[2026-01-12T23:25:10.235+0000] {subprocess.py:93} INFO - ✅ KPI Ordenes generado
[2026-01-12T23:25:10.236+0000] {subprocess.py:93} INFO - Ordenes promedio por cliente: 1.9970044932601099
[2026-01-12T23:25:10.456+0000] {subprocess.py:97} INFO - Command exited with return code 0
[2026-01-12T23:25:10.458+0000] {taskinstance.py:441} INFO - ::group::Post task execution logs
[2026-01-12T23:25:10.496+0000] {taskinstance.py:1205} INFO - Marking task as SUCCESS. dag_id=novaretail_etl_pipeline, task_id=gold_kpis.gold_kpi_ordenes, execution_date=20260112T232451, start_date=20260112T232507, end_date=20260112T232510
[2026-01-12T23:25:10.548+0000] {local_task_job_runner.py:240} INFO - Task exited with return code 0
[2026-01-12T23:25:10.577+0000] {taskinstance.py:3482} INFO - 0 downstream tasks scheduled from follow-on schedule check
[2026-01-12T23:25:10.580+0000] {local_task_job_runner.py:222} INFO - ::endgroup::
