[2026-01-12T23:25:07.554+0000] {local_task_job_runner.py:120} INFO - ::group::Pre task execution logs
[2026-01-12T23:25:07.621+0000] {taskinstance.py:2073} INFO - Dependencies all met for dep_context=non-requeueable deps ti=<TaskInstance: novaretail_etl_pipeline.gold_kpis.gold_kpi_clientes manual__2026-01-12T23:24:51.933677+00:00 [queued]>
[2026-01-12T23:25:07.642+0000] {taskinstance.py:2073} INFO - Dependencies all met for dep_context=requeueable deps ti=<TaskInstance: novaretail_etl_pipeline.gold_kpis.gold_kpi_clientes manual__2026-01-12T23:24:51.933677+00:00 [queued]>
[2026-01-12T23:25:07.643+0000] {taskinstance.py:2303} INFO - Starting attempt 1 of 3
[2026-01-12T23:25:07.673+0000] {taskinstance.py:2327} INFO - Executing <Task(BashOperator): gold_kpis.gold_kpi_clientes> on 2026-01-12 23:24:51.933677+00:00
[2026-01-12T23:25:07.688+0000] {standard_task_runner.py:90} INFO - Running: ['***', 'tasks', 'run', 'novaretail_etl_pipeline', 'gold_kpis.gold_kpi_clientes', 'manual__2026-01-12T23:24:51.933677+00:00', '--job-id', '72', '--raw', '--subdir', 'DAGS_FOLDER/novareatil_etl_dag.py', '--cfg-path', '/tmp/tmp1eyrn5zy']
[2026-01-12T23:25:07.696+0000] {standard_task_runner.py:91} INFO - Job 72: Subtask gold_kpis.gold_kpi_clientes
[2026-01-12T23:25:07.702+0000] {logging_mixin.py:188} WARNING - /home/***/.local/lib/python3.12/site-packages/***/task/task_runner/standard_task_runner.py:61 DeprecationWarning: This process (pid=1531) is multi-threaded, use of fork() may lead to deadlocks in the child.
[2026-01-12T23:25:07.704+0000] {standard_task_runner.py:63} INFO - Started process 1534 to run task
[2026-01-12T23:25:07.806+0000] {task_command.py:426} INFO - Running <TaskInstance: novaretail_etl_pipeline.gold_kpis.gold_kpi_clientes manual__2026-01-12T23:24:51.933677+00:00 [running]> on host 8812783e36e1
[2026-01-12T23:25:08.053+0000] {taskinstance.py:2644} INFO - Exporting env vars: AIRFLOW_CTX_DAG_OWNER='carlos' AIRFLOW_CTX_DAG_ID='novaretail_etl_pipeline' AIRFLOW_CTX_TASK_ID='gold_kpis.gold_kpi_clientes' AIRFLOW_CTX_EXECUTION_DATE='2026-01-12T23:24:51.933677+00:00' AIRFLOW_CTX_TRY_NUMBER='1' AIRFLOW_CTX_DAG_RUN_ID='manual__2026-01-12T23:24:51.933677+00:00'
[2026-01-12T23:25:08.060+0000] {taskinstance.py:430} INFO - ::endgroup::
[2026-01-12T23:25:08.129+0000] {subprocess.py:63} INFO - Tmp dir root location: /tmp
[2026-01-12T23:25:08.159+0000] {subprocess.py:75} INFO - Running command: ['/usr/bin/bash', '-c', 'python /opt/***/etl/gold/gold_kpi_clientes.py']
[2026-01-12T23:25:08.220+0000] {subprocess.py:86} INFO - Output:
[2026-01-12T23:25:10.231+0000] {subprocess.py:93} INFO - ✅ KPI Clientes generado
[2026-01-12T23:25:10.232+0000] {subprocess.py:93} INFO - Total Clientes: 5000
[2026-01-12T23:25:10.456+0000] {subprocess.py:97} INFO - Command exited with return code 0
[2026-01-12T23:25:10.458+0000] {taskinstance.py:441} INFO - ::group::Post task execution logs
[2026-01-12T23:25:10.503+0000] {taskinstance.py:1205} INFO - Marking task as SUCCESS. dag_id=novaretail_etl_pipeline, task_id=gold_kpis.gold_kpi_clientes, execution_date=20260112T232451, start_date=20260112T232507, end_date=20260112T232510
[2026-01-12T23:25:10.576+0000] {local_task_job_runner.py:240} INFO - Task exited with return code 0
[2026-01-12T23:25:10.612+0000] {taskinstance.py:3482} INFO - 0 downstream tasks scheduled from follow-on schedule check
[2026-01-12T23:25:10.615+0000] {local_task_job_runner.py:222} INFO - ::endgroup::
