[2026-01-12T23:21:38.682+0000] {local_task_job_runner.py:120} INFO - ::group::Pre task execution logs
[2026-01-12T23:21:38.749+0000] {taskinstance.py:2073} INFO - Dependencies all met for dep_context=non-requeueable deps ti=<TaskInstance: novaretail_etl_pipeline.transform_ordenes manual__2026-01-12T23:19:21.007354+00:00 [queued]>
[2026-01-12T23:21:38.773+0000] {taskinstance.py:2073} INFO - Dependencies all met for dep_context=requeueable deps ti=<TaskInstance: novaretail_etl_pipeline.transform_ordenes manual__2026-01-12T23:19:21.007354+00:00 [queued]>
[2026-01-12T23:21:38.774+0000] {taskinstance.py:2303} INFO - Starting attempt 1 of 3
[2026-01-12T23:21:38.801+0000] {taskinstance.py:2327} INFO - Executing <Task(BashOperator): transform_ordenes> on 2026-01-12 23:19:21.007354+00:00
[2026-01-12T23:21:38.814+0000] {standard_task_runner.py:90} INFO - Running: ['***', 'tasks', 'run', 'novaretail_etl_pipeline', 'transform_ordenes', 'manual__2026-01-12T23:19:21.007354+00:00', '--job-id', '62', '--raw', '--subdir', 'DAGS_FOLDER/novareatil_etl_dag.py', '--cfg-path', '/tmp/tmp1a_cx6ew']
[2026-01-12T23:21:38.832+0000] {standard_task_runner.py:91} INFO - Job 62: Subtask transform_ordenes
[2026-01-12T23:21:38.833+0000] {logging_mixin.py:188} WARNING - /home/***/.local/lib/python3.12/site-packages/***/task/task_runner/standard_task_runner.py:61 DeprecationWarning: This process (pid=1216) is multi-threaded, use of fork() may lead to deadlocks in the child.
[2026-01-12T23:21:38.834+0000] {standard_task_runner.py:63} INFO - Started process 1219 to run task
[2026-01-12T23:21:38.969+0000] {task_command.py:426} INFO - Running <TaskInstance: novaretail_etl_pipeline.transform_ordenes manual__2026-01-12T23:19:21.007354+00:00 [running]> on host 8812783e36e1
[2026-01-12T23:21:39.112+0000] {taskinstance.py:2644} INFO - Exporting env vars: AIRFLOW_CTX_DAG_OWNER='carlos' AIRFLOW_CTX_DAG_ID='novaretail_etl_pipeline' AIRFLOW_CTX_TASK_ID='transform_ordenes' AIRFLOW_CTX_EXECUTION_DATE='2026-01-12T23:19:21.007354+00:00' AIRFLOW_CTX_TRY_NUMBER='1' AIRFLOW_CTX_DAG_RUN_ID='manual__2026-01-12T23:19:21.007354+00:00'
[2026-01-12T23:21:39.113+0000] {taskinstance.py:430} INFO - ::endgroup::
[2026-01-12T23:21:39.147+0000] {subprocess.py:63} INFO - Tmp dir root location: /tmp
[2026-01-12T23:21:39.148+0000] {subprocess.py:75} INFO - Running command: ['/usr/bin/bash', '-c', 'python /opt/***/etl/transform/transform_ordenes.py']
[2026-01-12T23:21:39.178+0000] {subprocess.py:86} INFO - Output:
[2026-01-12T23:21:42.025+0000] {subprocess.py:93} INFO - 📥 Leyendo Bronze desde: /opt/***/data/bronze/ordenes/load_date=2026-01-12/ordenes.parquet
[2026-01-12T23:21:42.029+0000] {subprocess.py:93} INFO - ✅ SILVER ordenes generado en: /opt/***/data/silver/ordenes/ordenes_silver.parquet
[2026-01-12T23:21:42.606+0000] {subprocess.py:97} INFO - Command exited with return code 0
[2026-01-12T23:21:42.621+0000] {taskinstance.py:441} INFO - ::group::Post task execution logs
[2026-01-12T23:21:42.798+0000] {taskinstance.py:1205} INFO - Marking task as SUCCESS. dag_id=novaretail_etl_pipeline, task_id=transform_ordenes, execution_date=20260112T231921, start_date=20260112T232138, end_date=20260112T232142
[2026-01-12T23:21:42.970+0000] {local_task_job_runner.py:240} INFO - Task exited with return code 0
[2026-01-12T23:21:43.124+0000] {taskinstance.py:3482} INFO - 1 downstream tasks scheduled from follow-on schedule check
[2026-01-12T23:21:43.315+0000] {local_task_job_runner.py:222} INFO - ::endgroup::
