[2026-01-12T23:19:24.341+0000] {local_task_job_runner.py:120} INFO - ::group::Pre task execution logs
[2026-01-12T23:19:24.617+0000] {taskinstance.py:2073} INFO - Dependencies all met for dep_context=non-requeueable deps ti=<TaskInstance: novaretail_etl_pipeline.extract_ordenes manual__2026-01-12T23:19:21.007354+00:00 [queued]>
[2026-01-12T23:19:24.654+0000] {taskinstance.py:2073} INFO - Dependencies all met for dep_context=requeueable deps ti=<TaskInstance: novaretail_etl_pipeline.extract_ordenes manual__2026-01-12T23:19:21.007354+00:00 [queued]>
[2026-01-12T23:19:24.655+0000] {taskinstance.py:2303} INFO - Starting attempt 1 of 3
[2026-01-12T23:19:24.705+0000] {taskinstance.py:2327} INFO - Executing <Task(BashOperator): extract_ordenes> on 2026-01-12 23:19:21.007354+00:00
[2026-01-12T23:19:24.773+0000] {standard_task_runner.py:90} INFO - Running: ['***', 'tasks', 'run', 'novaretail_etl_pipeline', 'extract_ordenes', 'manual__2026-01-12T23:19:21.007354+00:00', '--job-id', '55', '--raw', '--subdir', 'DAGS_FOLDER/novareatil_etl_dag.py', '--cfg-path', '/tmp/tmphl_ou15t']
[2026-01-12T23:19:24.838+0000] {standard_task_runner.py:91} INFO - Job 55: Subtask extract_ordenes
[2026-01-12T23:19:24.842+0000] {logging_mixin.py:188} WARNING - /home/***/.local/lib/python3.12/site-packages/***/task/task_runner/standard_task_runner.py:61 DeprecationWarning: This process (pid=1108) is multi-threaded, use of fork() may lead to deadlocks in the child.
[2026-01-12T23:19:24.845+0000] {standard_task_runner.py:63} INFO - Started process 1112 to run task
[2026-01-12T23:19:26.171+0000] {task_command.py:426} INFO - Running <TaskInstance: novaretail_etl_pipeline.extract_ordenes manual__2026-01-12T23:19:21.007354+00:00 [running]> on host 8812783e36e1
[2026-01-12T23:19:27.673+0000] {taskinstance.py:2644} INFO - Exporting env vars: AIRFLOW_CTX_DAG_OWNER='carlos' AIRFLOW_CTX_DAG_ID='novaretail_etl_pipeline' AIRFLOW_CTX_TASK_ID='extract_ordenes' AIRFLOW_CTX_EXECUTION_DATE='2026-01-12T23:19:21.007354+00:00' AIRFLOW_CTX_TRY_NUMBER='1' AIRFLOW_CTX_DAG_RUN_ID='manual__2026-01-12T23:19:21.007354+00:00'
[2026-01-12T23:19:27.675+0000] {taskinstance.py:430} INFO - ::endgroup::
[2026-01-12T23:19:27.793+0000] {subprocess.py:63} INFO - Tmp dir root location: /tmp
[2026-01-12T23:19:27.801+0000] {subprocess.py:75} INFO - Running command: ['/usr/bin/bash', '-c', 'python etl/extract/extract_ordenes.py']
[2026-01-12T23:19:27.877+0000] {subprocess.py:86} INFO - Output:
[2026-01-12T23:19:28.199+0000] {subprocess.py:93} INFO - python: can't open file '/tmp/***tmpkq5myl7q/etl/extract/extract_ordenes.py': [Errno 2] No such file or directory
[2026-01-12T23:19:28.223+0000] {subprocess.py:97} INFO - Command exited with return code 2
[2026-01-12T23:19:28.225+0000] {taskinstance.py:441} INFO - ::group::Post task execution logs
[2026-01-12T23:19:28.272+0000] {taskinstance.py:2890} ERROR - Task failed with exception
Traceback (most recent call last):
  File "/home/airflow/.local/lib/python3.12/site-packages/airflow/models/taskinstance.py", line 465, in _execute_task
    result = _execute_callable(context=context, **execute_callable_kwargs)
             ^^^^^^^^^^^^^^^^^^^^^^^^^^^^^^^^^^^^^^^^^^^^^^^^^^^^^^^^^^^^^
  File "/home/airflow/.local/lib/python3.12/site-packages/airflow/models/taskinstance.py", line 432, in _execute_callable
    return execute_callable(context=context, **execute_callable_kwargs)
           ^^^^^^^^^^^^^^^^^^^^^^^^^^^^^^^^^^^^^^^^^^^^^^^^^^^^^^^^^^^^
  File "/home/airflow/.local/lib/python3.12/site-packages/airflow/models/baseoperator.py", line 400, in wrapper
    return func(self, *args, **kwargs)
           ^^^^^^^^^^^^^^^^^^^^^^^^^^^
  File "/home/airflow/.local/lib/python3.12/site-packages/airflow/operators/bash.py", line 243, in execute
    raise AirflowException(
airflow.exceptions.AirflowException: Bash command failed. The command returned a non-zero exit code 2.
[2026-01-12T23:19:28.293+0000] {taskinstance.py:1205} INFO - Marking task as UP_FOR_RETRY. dag_id=novaretail_etl_pipeline, task_id=extract_ordenes, execution_date=20260112T231921, start_date=20260112T231924, end_date=20260112T231928
[2026-01-12T23:19:28.323+0000] {standard_task_runner.py:110} ERROR - Failed to execute job 55 for task extract_ordenes (Bash command failed. The command returned a non-zero exit code 2.; 1112)
[2026-01-12T23:19:28.341+0000] {local_task_job_runner.py:240} INFO - Task exited with return code 1
[2026-01-12T23:19:28.406+0000] {taskinstance.py:3482} INFO - 0 downstream tasks scheduled from follow-on schedule check
[2026-01-12T23:19:28.410+0000] {local_task_job_runner.py:222} INFO - ::endgroup::
