[2026-01-12T23:28:30.641+0000] {local_task_job_runner.py:120} INFO - ::group::Pre task execution logs
[2026-01-12T23:28:30.834+0000] {taskinstance.py:2073} INFO - Dependencies all met for dep_context=non-requeueable deps ti=<TaskInstance: novaretail_etl_pipeline.extract_legacy.extract_clientes manual__2026-01-12T23:28:27.006071+00:00 [queued]>
[2026-01-12T23:28:30.885+0000] {taskinstance.py:2073} INFO - Dependencies all met for dep_context=requeueable deps ti=<TaskInstance: novaretail_etl_pipeline.extract_legacy.extract_clientes manual__2026-01-12T23:28:27.006071+00:00 [queued]>
[2026-01-12T23:28:30.888+0000] {taskinstance.py:2303} INFO - Starting attempt 1 of 3
[2026-01-12T23:28:31.008+0000] {taskinstance.py:2327} INFO - Executing <Task(BashOperator): extract_legacy.extract_clientes> on 2026-01-12 23:28:27.006071+00:00
[2026-01-12T23:28:31.078+0000] {standard_task_runner.py:90} INFO - Running: ['***', 'tasks', 'run', 'novaretail_etl_pipeline', 'extract_legacy.extract_clientes', 'manual__2026-01-12T23:28:27.006071+00:00', '--job-id', '76', '--raw', '--subdir', 'DAGS_FOLDER/novareatil_etl_dag.py', '--cfg-path', '/tmp/tmp_n61dwzn']
[2026-01-12T23:28:31.095+0000] {logging_mixin.py:188} WARNING - /home/***/.local/lib/python3.12/site-packages/***/task/task_runner/standard_task_runner.py:61 DeprecationWarning: This process (pid=1626) is multi-threaded, use of fork() may lead to deadlocks in the child.
[2026-01-12T23:28:31.100+0000] {standard_task_runner.py:91} INFO - Job 76: Subtask extract_legacy.extract_clientes
[2026-01-12T23:28:31.102+0000] {standard_task_runner.py:63} INFO - Started process 1628 to run task
[2026-01-12T23:28:32.091+0000] {task_command.py:426} INFO - Running <TaskInstance: novaretail_etl_pipeline.extract_legacy.extract_clientes manual__2026-01-12T23:28:27.006071+00:00 [running]> on host 8812783e36e1
[2026-01-12T23:28:32.646+0000] {taskinstance.py:2644} INFO - Exporting env vars: AIRFLOW_CTX_DAG_OWNER='carlos' AIRFLOW_CTX_DAG_ID='novaretail_etl_pipeline' AIRFLOW_CTX_TASK_ID='extract_legacy.extract_clientes' AIRFLOW_CTX_EXECUTION_DATE='2026-01-12T23:28:27.006071+00:00' AIRFLOW_CTX_TRY_NUMBER='1' AIRFLOW_CTX_DAG_RUN_ID='manual__2026-01-12T23:28:27.006071+00:00'
[2026-01-12T23:28:32.667+0000] {taskinstance.py:430} INFO - ::endgroup::
[2026-01-12T23:28:32.795+0000] {subprocess.py:63} INFO - Tmp dir root location: /tmp
[2026-01-12T23:28:32.814+0000] {subprocess.py:75} INFO - Running command: ['/usr/bin/bash', '-c', 'python /opt/***/etl/extract/extract_clientes.py']
[2026-01-12T23:28:32.923+0000] {subprocess.py:86} INFO - Output:
[2026-01-12T23:28:40.784+0000] {subprocess.py:93} INFO - ✔ BRONZE clientes generado en /opt/***/data/bronze/clientes/load_date=2026-01-12/clientes.parquet
[2026-01-12T23:28:41.254+0000] {subprocess.py:97} INFO - Command exited with return code 0
[2026-01-12T23:28:41.295+0000] {taskinstance.py:441} INFO - ::group::Post task execution logs
[2026-01-12T23:28:41.487+0000] {taskinstance.py:1205} INFO - Marking task as SUCCESS. dag_id=novaretail_etl_pipeline, task_id=extract_legacy.extract_clientes, execution_date=20260112T232827, start_date=20260112T232830, end_date=20260112T232841
[2026-01-12T23:28:41.602+0000] {local_task_job_runner.py:240} INFO - Task exited with return code 0
[2026-01-12T23:28:41.719+0000] {taskinstance.py:3482} INFO - 3 downstream tasks scheduled from follow-on schedule check
[2026-01-12T23:28:41.725+0000] {local_task_job_runner.py:222} INFO - ::endgroup::
