[2026-01-12T23:28:30.595+0000] {local_task_job_runner.py:120} INFO - ::group::Pre task execution logs
[2026-01-12T23:28:31.020+0000] {taskinstance.py:2073} INFO - Dependencies all met for dep_context=non-requeueable deps ti=<TaskInstance: novaretail_etl_pipeline.extract_legacy.extract_ordenes manual__2026-01-12T23:28:27.006071+00:00 [queued]>
[2026-01-12T23:28:31.054+0000] {taskinstance.py:2073} INFO - Dependencies all met for dep_context=requeueable deps ti=<TaskInstance: novaretail_etl_pipeline.extract_legacy.extract_ordenes manual__2026-01-12T23:28:27.006071+00:00 [queued]>
[2026-01-12T23:28:31.057+0000] {taskinstance.py:2303} INFO - Starting attempt 1 of 3
[2026-01-12T23:28:31.118+0000] {taskinstance.py:2327} INFO - Executing <Task(BashOperator): extract_legacy.extract_ordenes> on 2026-01-12 23:28:27.006071+00:00
[2026-01-12T23:28:31.787+0000] {standard_task_runner.py:90} INFO - Running: ['***', 'tasks', 'run', 'novaretail_etl_pipeline', 'extract_legacy.extract_ordenes', 'manual__2026-01-12T23:28:27.006071+00:00', '--job-id', '75', '--raw', '--subdir', 'DAGS_FOLDER/novareatil_etl_dag.py', '--cfg-path', '/tmp/tmpt2mw3ltq']
[2026-01-12T23:28:32.082+0000] {standard_task_runner.py:91} INFO - Job 75: Subtask extract_legacy.extract_ordenes
[2026-01-12T23:28:32.199+0000] {logging_mixin.py:188} WARNING - /home/***/.local/lib/python3.12/site-packages/***/task/task_runner/standard_task_runner.py:61 DeprecationWarning: This process (pid=1625) is multi-threaded, use of fork() may lead to deadlocks in the child.
[2026-01-12T23:28:32.221+0000] {standard_task_runner.py:63} INFO - Started process 1629 to run task
[2026-01-12T23:28:32.536+0000] {task_command.py:426} INFO - Running <TaskInstance: novaretail_etl_pipeline.extract_legacy.extract_ordenes manual__2026-01-12T23:28:27.006071+00:00 [running]> on host 8812783e36e1
[2026-01-12T23:28:33.261+0000] {taskinstance.py:2644} INFO - Exporting env vars: AIRFLOW_CTX_DAG_OWNER='carlos' AIRFLOW_CTX_DAG_ID='novaretail_etl_pipeline' AIRFLOW_CTX_TASK_ID='extract_legacy.extract_ordenes' AIRFLOW_CTX_EXECUTION_DATE='2026-01-12T23:28:27.006071+00:00' AIRFLOW_CTX_TRY_NUMBER='1' AIRFLOW_CTX_DAG_RUN_ID='manual__2026-01-12T23:28:27.006071+00:00'
[2026-01-12T23:28:33.265+0000] {taskinstance.py:430} INFO - ::endgroup::
[2026-01-12T23:28:33.365+0000] {subprocess.py:63} INFO - Tmp dir root location: /tmp
[2026-01-12T23:28:33.391+0000] {subprocess.py:75} INFO - Running command: ['/usr/bin/bash', '-c', 'python /opt/***/etl/extract/extract_ordenes.py']
[2026-01-12T23:28:33.455+0000] {subprocess.py:86} INFO - Output:
[2026-01-12T23:28:40.762+0000] {subprocess.py:93} INFO - ✔ BRONZE ordenes generado en /opt/***/data/bronze/ordenes/load_date=2026-01-12/ordenes.parquet
[2026-01-12T23:28:41.262+0000] {subprocess.py:97} INFO - Command exited with return code 0
[2026-01-12T23:28:41.309+0000] {taskinstance.py:441} INFO - ::group::Post task execution logs
[2026-01-12T23:28:41.465+0000] {taskinstance.py:1205} INFO - Marking task as SUCCESS. dag_id=novaretail_etl_pipeline, task_id=extract_legacy.extract_ordenes, execution_date=20260112T232827, start_date=20260112T232831, end_date=20260112T232841
[2026-01-12T23:28:41.604+0000] {local_task_job_runner.py:240} INFO - Task exited with return code 0
[2026-01-12T23:28:41.764+0000] {taskinstance.py:3482} INFO - 0 downstream tasks scheduled from follow-on schedule check
[2026-01-12T23:28:41.770+0000] {local_task_job_runner.py:222} INFO - ::endgroup::
