[2026-01-12T23:21:46.704+0000] {local_task_job_runner.py:120} INFO - ::group::Pre task execution logs
[2026-01-12T23:21:46.888+0000] {taskinstance.py:2073} INFO - Dependencies all met for dep_context=non-requeueable deps ti=<TaskInstance: novaretail_etl_pipeline.gold_kpi_ordenes manual__2026-01-12T23:19:21.007354+00:00 [queued]>
[2026-01-12T23:21:46.929+0000] {taskinstance.py:2073} INFO - Dependencies all met for dep_context=requeueable deps ti=<TaskInstance: novaretail_etl_pipeline.gold_kpi_ordenes manual__2026-01-12T23:19:21.007354+00:00 [queued]>
[2026-01-12T23:21:46.937+0000] {taskinstance.py:2303} INFO - Starting attempt 1 of 3
[2026-01-12T23:21:47.008+0000] {taskinstance.py:2327} INFO - Executing <Task(BashOperator): gold_kpi_ordenes> on 2026-01-12 23:19:21.007354+00:00
[2026-01-12T23:21:47.036+0000] {standard_task_runner.py:90} INFO - Running: ['***', 'tasks', 'run', 'novaretail_etl_pipeline', 'gold_kpi_ordenes', 'manual__2026-01-12T23:19:21.007354+00:00', '--job-id', '64', '--raw', '--subdir', 'DAGS_FOLDER/novareatil_etl_dag.py', '--cfg-path', '/tmp/tmpq7hfpuys']
[2026-01-12T23:21:47.051+0000] {logging_mixin.py:188} WARNING - /home/***/.local/lib/python3.12/site-packages/***/task/task_runner/standard_task_runner.py:61 DeprecationWarning: This process (pid=1287) is multi-threaded, use of fork() may lead to deadlocks in the child.
[2026-01-12T23:21:47.054+0000] {standard_task_runner.py:91} INFO - Job 64: Subtask gold_kpi_ordenes
[2026-01-12T23:21:47.060+0000] {standard_task_runner.py:63} INFO - Started process 1297 to run task
[2026-01-12T23:21:47.268+0000] {task_command.py:426} INFO - Running <TaskInstance: novaretail_etl_pipeline.gold_kpi_ordenes manual__2026-01-12T23:19:21.007354+00:00 [running]> on host 8812783e36e1
[2026-01-12T23:21:47.582+0000] {taskinstance.py:2644} INFO - Exporting env vars: AIRFLOW_CTX_DAG_OWNER='carlos' AIRFLOW_CTX_DAG_ID='novaretail_etl_pipeline' AIRFLOW_CTX_TASK_ID='gold_kpi_ordenes' AIRFLOW_CTX_EXECUTION_DATE='2026-01-12T23:19:21.007354+00:00' AIRFLOW_CTX_TRY_NUMBER='1' AIRFLOW_CTX_DAG_RUN_ID='manual__2026-01-12T23:19:21.007354+00:00'
[2026-01-12T23:21:47.584+0000] {taskinstance.py:430} INFO - ::endgroup::
[2026-01-12T23:21:47.613+0000] {subprocess.py:63} INFO - Tmp dir root location: /tmp
[2026-01-12T23:21:47.615+0000] {subprocess.py:75} INFO - Running command: ['/usr/bin/bash', '-c', 'python /opt/***/etl/gold/gold_kpi_ordenes.py']
[2026-01-12T23:21:47.631+0000] {subprocess.py:86} INFO - Output:
[2026-01-12T23:21:50.136+0000] {subprocess.py:93} INFO - ✅ KPI Ordenes generado
[2026-01-12T23:21:50.143+0000] {subprocess.py:93} INFO - Ordenes promedio por cliente: 1.9970044932601099
[2026-01-12T23:21:50.473+0000] {subprocess.py:97} INFO - Command exited with return code 0
[2026-01-12T23:21:50.476+0000] {taskinstance.py:441} INFO - ::group::Post task execution logs
[2026-01-12T23:21:50.550+0000] {taskinstance.py:1205} INFO - Marking task as SUCCESS. dag_id=novaretail_etl_pipeline, task_id=gold_kpi_ordenes, execution_date=20260112T231921, start_date=20260112T232146, end_date=20260112T232150
[2026-01-12T23:21:50.621+0000] {local_task_job_runner.py:240} INFO - Task exited with return code 0
[2026-01-12T23:21:50.655+0000] {taskinstance.py:3482} INFO - 0 downstream tasks scheduled from follow-on schedule check
[2026-01-12T23:21:50.661+0000] {local_task_job_runner.py:222} INFO - ::endgroup::
